Component: ARM Compiler 5.06 update 6 (build 750) Tool: armlink [4d35ed]

==============================================================================

Section Cross References

    main.o(.text) refers to timer.o(.text) for TIM3_Int_Init
    main.o(.text) refers to usart3.o(.text) for usart3_init
    main.o(.text) refers to memseta.o(.text) for __aeabi_memclr
    main.o(.text) refers to gizwits_protocol.o(.text) for gizwitsInit
    main.o(.text) refers to delay.o(.text) for delay_init
    main.o(.text) refers to misc.o(.text) for NVIC_PriorityGroupConfig
    main.o(.text) refers to led.o(.text) for Periph_Init
    main.o(.text) refers to key.o(.text) for Key_Io_Init
    main.o(.text) refers to usart.o(.text) for uart_init
    main.o(.text) refers to oled.o(.text) for OLED_Init
    main.o(.text) refers to dht11.o(.text) for DHT11_Init
    main.o(.text) refers to adc.o(.text) for Adc_Init
    main.o(.text) refers to timer_callback_func.o(.text) for FuncReg
    main.o(.text) refers to main.o(.bss) for currentDataPoint
    main.o(.text) refers to main.o(.constdata) for BMP1
    main.o(.text) refers to main.o(.data) for OledDisplayTimeFlag
    main.o(.text) refers to timer.o(.data) for display_status
    main.o(.text) refers to gizwits_protocol.o(.bss) for gizwitsProtocol
    main.o(.text) refers to adc.o(.data) for ADC_Val
    main.o(.text) refers to printf8.o(i.__0printf$8) for __2printf
    system_stm32f10x.o(.text) refers to system_stm32f10x.o(.data) for SystemCoreClock
    led.o(.text) refers to stm32f10x_rcc.o(.text) for RCC_APB2PeriphClockCmd
    led.o(.text) refers to stm32f10x_gpio.o(.text) for GPIO_Init
    timer.o(.text) refers to stm32f10x_rcc.o(.text) for RCC_APB1PeriphClockCmd
    timer.o(.text) refers to stm32f10x_tim.o(.text) for TIM_TimeBaseInit
    timer.o(.text) refers to misc.o(.text) for NVIC_Init
    timer.o(.text) refers to gizwits_product.o(.text) for gizTimerMs
    timer.o(.text) refers to timer_callback_func.o(.text) for FuncTimeTravers_ISR
    timer.o(.text) refers to key.o(.text) for Key_Event_Handler
    timer.o(.text) refers to gizwits_protocol.o(.text) for gizwitsSetMode
    timer.o(.text) refers to timer.o(.data) for num_500ms
    adc.o(.text) refers to stm32f10x_rcc.o(.text) for RCC_AHBPeriphClockCmd
    adc.o(.text) refers to stm32f10x_gpio.o(.text) for GPIO_Init
    adc.o(.text) refers to stm32f10x_dma.o(.text) for DMA_Init
    adc.o(.text) refers to stm32f10x_adc.o(.text) for ADC_DeInit
    adc.o(.text) refers to delay.o(.text) for delay_ms
    adc.o(.text) refers to adc.o(.data) for ADC_Val
    timer_callback_func.o(.text) refers to timer_callback_func.o(.bss) for FlagStateFunc
    key.o(.text) refers to stm32f10x_rcc.o(.text) for RCC_APB2PeriphClockCmd
    key.o(.text) refers to stm32f10x_gpio.o(.text) for GPIO_Init
    key.o(.text) refers to key.o(.data) for key1_flag
    usart3.o(.text) refers to stm32f10x_usart.o(.text) for USART_GetITStatus
    usart3.o(.text) refers to gizwits_protocol.o(.text) for gizPutData
    usart3.o(.text) refers to stm32f10x_rcc.o(.text) for RCC_APB2PeriphClockCmd
    usart3.o(.text) refers to stm32f10x_gpio.o(.text) for GPIO_Init
    usart3.o(.text) refers to misc.o(.text) for NVIC_Init
    oled.o(.text) refers to stm32f10x_gpio.o(.text) for GPIO_SetBits
    oled.o(.text) refers to delay.o(.text) for delay_us
    oled.o(.text) refers to oled.o(.bss) for OLED_GRAM
    oled.o(.text) refers to oled.o(.data) for _state
    oled.o(.text) refers to stm32f10x_rcc.o(.text) for RCC_APB2PeriphClockCmd
    oled.o(.text) refers to oled.o(.constdata) for F8X16
    dht11.o(.text) refers to delay.o(.text) for delay_ms
    dht11.o(.text) refers to stm32f10x_rcc.o(.text) for RCC_APB2PeriphClockCmd
    dht11.o(.text) refers to stm32f10x_gpio.o(.text) for GPIO_Init
    gizwits_product.o(.text) refers to printf8.o(i.__0printf$8) for __2printf
    gizwits_product.o(.text) refers to memseta.o(.text) for __aeabi_memclr
    gizwits_product.o(.text) refers to gizwits_protocol.o(.text) for gizPutData
    gizwits_product.o(.text) refers to stm32f10x_usart.o(.text) for USART_SendData
    gizwits_product.o(.text) refers to main.o(.data) for wifi_sta
    gizwits_product.o(.text) refers to main.o(.bss) for currentDataPoint
    gizwits_product.o(.text) refers to gizwits_product.o(.data) for timerMsCount
    gizwits_protocol.o(.text) refers to printf8.o(i.__0printf$8) for __2printf
    gizwits_protocol.o(.text) refers to ringbuffer.o(.text) for rbWrite
    gizwits_protocol.o(.text) refers to memseta.o(.text) for __aeabi_memclr
    gizwits_protocol.o(.text) refers to memcpya.o(.text) for __aeabi_memcpy
    gizwits_protocol.o(.text) refers to gizwits_product.o(.text) for gizGetTimerCount
    gizwits_protocol.o(.text) refers to datapointtools.o(.text) for gizStandardCompressValue
    gizwits_protocol.o(.text) refers to common.o(.text) for exchangeBytes
    gizwits_protocol.o(.text) refers to gizwits_protocol.o(.bss) for pRb
[...]
    printf8.o(i.__0vsnprintf$8) refers to printf8.o(i._printf_core) for _printf_core
    printf8.o(i.__0vsnprintf$8) refers to printf8.o(i._snputc) for _snputc
    printf8.o(i.__0vsprintf$8) refers to printf8.o(i._printf_core) for _printf_core
    printf8.o(i.__0vsprintf$8) refers to printf8.o(i._sputc) for _sputc
    printf8.o(i._printf_core) refers to printf8.o(i._printf_pre_padding) for _printf_pre_padding
    printf8.o(i._printf_core) refers to uldiv.o(.text) for __aeabi_uldivmod
    printf8.o(i._printf_core) refers to printf8.o(i._printf_post_padding) for _printf_post_padding
    printfa.o(i.__0fprintf) refers (Special) to iusefp.o(.text) for __I$use$fp
    printfa.o(i.__0fprintf) refers to printfa.o(i._printf_core) for _printf_core
    printfa.o(i.__0fprintf) refers to usart.o(.text) for fputc
    printfa.o(i.__0printf) refers (Special) to iusefp.o(.text) for __I$use$fp
    printfa.o(i.__0printf) refers to printfa.o(i._printf_core) for _printf_core
    printfa.o(i.__0printf) refers to usart.o(.text) for fputc
    printfa.o(i.__0printf) refers to usart.o(.data) for __stdout
    printfa.o(i.__0snprintf) refers (Special) to iusefp.o(.text) for __I$use$fp
    printfa.o(i.__0snprintf) refers to printfa.o(i._printf_core) for _printf_core
    printfa.o(i.__0snprintf) refers to printfa.o(i._snputc) for _snputc
    printfa.o(i.__0sprintf) refers (Special) to iusefp.o(.text) for __I$use$fp
    printfa.o(i.__0sprintf) refers to printfa.o(i._printf_core) for _printf_core
    printfa.o(i.__0sprintf) refers to printfa.o(i._sputc) for _sputc
    printfa.o(i.__0vfprintf) refers (Special) to iusefp.o(.text) for __I$use$fp
    printfa.o(i.__0vfprintf) refers to printfa.o(i._printf_core) for _printf_core
    printfa.o(i.__0vfprintf) refers to usart.o(.text) for fputc
    printfa.o(i.__0vprintf) refers (Special) to iusefp.o(.text) for __I$use$fp
    printfa.o(i.__0vprintf) refers to printfa.o(i._printf_core) for _printf_core
    printfa.o(i.__0vprintf) refers to usart.o(.text) for fputc
    printfa.o(i.__0vprintf) refers to usart.o(.data) for __stdout
    printfa.o(i.__0vsnprintf) refers (Special) to iusefp.o(.text) for __I$use$fp
    printfa.o(i.__0vsnprintf) refers to printfa.o(i._printf_core) for _printf_core
    printfa.o(i.__0vsnprintf) refers to printfa.o(i._snputc) for _snputc
    printfa.o(i.__0vsprintf) refers (Special) to iusefp.o(.text) for __I$use$fp
    printfa.o(i.__0vsprintf) refers to printfa.o(i._printf_core) for _printf_core
    printfa.o(i.__0vsprintf) refers to printfa.o(i._sputc) for _sputc
    printfa.o(i._fp_digits) refers (Special) to iusefp.o(.text) for __I$use$fp
    printfa.o(i._fp_digits) refers to dmul.o(.text) for __aeabi_dmul
    printfa.o(i._fp_digits) refers to ddiv.o(.text) for __aeabi_ddiv
    printfa.o(i._fp_digits) refers to cdrcmple.o(.text) for __aeabi_cdrcmple
    printfa.o(i._fp_digits) refers to dadd.o(.text) for __aeabi_dadd
    printfa.o(i._fp_digits) refers to dfixul.o(.text) for __aeabi_d2ulz
    printfa.o(i._fp_digits) refers to uldiv.o(.text) for __aeabi_uldivmod
    printfa.o(i._printf_core) refers (Special) to iusefp.o(.text) for __I$use$fp
    printfa.o(i._printf_core) refers to printfa.o(i._printf_pre_padding) for _printf_pre_padding
    printfa.o(i._printf_core) refers to uldiv.o(.text) for __aeabi_uldivmod
    printfa.o(i._printf_core) refers to printfa.o(i._printf_post_padding) for _printf_post_padding
    printfa.o(i._printf_core) refers to printfa.o(i._fp_digits) for _fp_digits
    printfa.o(i._printf_core) refers to uidiv.o(.text) for __aeabi_uidivmod
    printfa.o(i._printf_post_padding) refers (Special) to iusefp.o(.text) for __I$use$fp
    printfa.o(i._printf_pre_padding) refers (Special) to iusefp.o(.text) for __I$use$fp
    printfa.o(i._snputc) refers (Special) to iusefp.o(.text) for __I$use$fp
    printfa.o(i._sputc) refers (Special) to iusefp.o(.text) for __I$use$fp
    fadd.o(.text) refers (Special) to iusefp.o(.text) for __I$use$fp
    fadd.o(.text) refers to fepilogue.o(.text) for _float_epilogue
    fmul.o(.text) refers (Special) to iusefp.o(.text) for __I$use$fp
    fdiv.o(.text) refers (Special) to iusefp.o(.text) for __I$use$fp
    fdiv.o(.text) refers to fepilogue.o(.text) for _float_round
    ffltui.o(.text) refers (Special) to iusefp.o(.text) for __I$use$fp
    ffltui.o(.text) refers to fepilogue.o(.text) for _float_epilogue
    ffixui.o(.text) refers (Special) to iusefp.o(.text) for __I$use$fp
    entry2.o(.ARM.Collect$$$$00000001) refers to entry2.o(.ARM.Collect$$$$00002712) for __lit__00000000
    entry2.o(.ARM.Collect$$$$00002712) refers to startup_stm32f10x_hd.o(STACK) for __initial_sp
    entry2.o(__vectab_stack_and_reset_area) refers to startup_stm32f10x_hd.o(STACK) for __initial_sp
    entry2.o(__vectab_stack_and_reset_area) refers to entry.o(.ARM.Collect$$$$00000000) for __main
    entry5.o(.ARM.Collect$$$$00000004) refers to init.o(.text) for __scatterload
    entry9a.o(.ARM.Collect$$$$0000000B) refers to main.o(.text) for main
    entry9b.o(.ARM.Collect$$$$0000000C) refers to main.o(.text) for main
    uldiv.o(.text) refers to llushr.o(.text) for __aeabi_llsr
    uldiv.o(.text) refers to llshl.o(.text) for __aeabi_llsl
    dadd.o(.text) refers to llshl.o(.text) for __aeabi_llsl
    dadd.o(.text) refers to llsshr.o(.text) for __aeabi_lasr
    dadd.o(.text) refers to depilogue.o(.text) for _double_epilogue
    dmul.o(.text) refers to depilogue.o(.text) for _double_epilogue
    ddiv.o(.text) refers to depilogue.o(.text) for _double_round
    dfixul.o(.text) refers to llushr.o(.text) for __aeabi_llsr
    dfixul.o(.text) refers to llshl.o(.text) for __aeabi_llsl
    init.o(.text) refers to entry5.o(.ARM.Collect$$$$00000004) for __main_after_scatterload
    depilogue.o(.text) refers to llshl.o(.text) for __aeabi_llsl
    depilogue.o(.text) refers to llushr.o(.text) for __aeabi_llsr


==============================================================================

Removing Unused input sections from the image.

    Removing sys.o(.text), (12 bytes).
    Removing stm32f10x_exti.o(.text), (284 bytes).
    Removing stm32f10x_flash.o(.text), (1468 bytes).
    Removing stm32f10x_sdio.o(.text), (468 bytes).
    Removing stm32f10x_spi.o(.text), (780 bytes).
    Removing core_cm3.o(.emb_text), (32 bytes).
    Removing startup_stm32f10x_hd.o(HEAP), (512 bytes).
    Removing dadd.o(.text), (334 bytes).
    Removing dmul.o(.text), (228 bytes).
    Removing ddiv.o(.text), (222 bytes).
    Removing dfixul.o(.text), (48 bytes).
    Removing cdrcmple.o(.text), (48 bytes).
    Removing depilogue.o(.text), (186 bytes).

13 unused section(s) (total 4622 bytes) removed from the image.

==============================================================================

Image Symbol Table

    Local Symbols

    Symbol Name                              Value     Ov Type        Size  Object(Section)

    ../clib/../cmprslib/lz77c.c              0x00000000   Number         0  __dclz77c.o ABSOLUTE
    ../clib/microlib/ctype/toupper.c         0x00000000   Number         0  toupper.o ABSOLUTE
    ../clib/microlib/division.c              0x00000000   Number         0  uidiv.o ABSOLUTE
    ../clib/microlib/division.c              0x00000000   Number         0  uldiv.o ABSOLUTE
    ../clib/microlib/init/entry.s            0x00000000   Number         0  entry11a.o ABSOLUTE
    ../clib/microlib/init/entry.s            0x00000000   Number         0  entry8b.o ABSOLUTE
    ../clib/microlib/init/entry.s            0x00000000   Number         0  entry8a.o ABSOLUTE
    ../clib/microlib/init/entry.s            0x00000000   Number         0  entry7b.o ABSOLUTE
    ../clib/microlib/init/entry.s            0x00000000   Number         0  entry7a.o ABSOLUTE
    ../clib/microlib/init/entry.s            0x00000000   Number         0  entry5.o ABSOLUTE
    ../clib/microlib/init/entry.s            0x00000000   Number         0  entry2.o ABSOLUTE
    ../clib/microlib/init/entry.s            0x00000000   Number         0  entry11b.o ABSOLUTE
    ../clib/microlib/init/entry.s            0x00000000   Number         0  entry.o ABSOLUTE
    ../clib/microlib/init/entry.s            0x00000000   Number         0  entry10b.o ABSOLUTE
    ../clib/microlib/init/entry.s            0x00000000   Number         0  entry10a.o ABSOLUTE
    ../clib/microlib/init/entry.s            0x00000000   Number         0  entry9b.o ABSOLUTE
    ../clib/microlib/init/entry.s            0x00000000   Number         0  entry9a.o ABSOLUTE
    ../clib/microlib/longlong.c              0x00000000   Number         0  llsshr.o ABSOLUTE
    ../clib/microlib/longlong.c              0x00000000   Number         0  llushr.o ABSOLUTE
    ../clib/microlib/longlong.c              0x00000000   Number         0  llshl.o ABSOLUTE
    ../clib/microlib/printf/printf.c         0x00000000   Number         0  printf2.o ABSOLUTE
    ../clib/microlib/printf/printf.c         0x00000000   Number         0  printf3.o ABSOLUTE
    ../clib/microlib/printf/printf.c         0x00000000   Number         0  printf4.o ABSOLUTE
    ../clib/microlib/printf/printf.c         0x00000000   Number         0  printf5.o ABSOLUTE
    ../clib/microlib/printf/printf.c         0x00000000   Number         0  printfa.o ABSOLUTE
    ../clib/microlib/printf/printf.c         0x00000000   Number         0  printf8.o ABSOLUTE
    ../clib/microlib/printf/printf.c         0x00000000   Number         0  printf1.o ABSOLUTE
    ../clib/microlib/printf/printf.c         0x00000000   Number         0  printf0.o ABSOLUTE
    ../clib/microlib/printf/printf.c         0x00000000   Number         0  printfb.o ABSOLUTE
    ../clib/microlib/printf/printf.c         0x00000000   Number         0  printf6.o ABSOLUTE
    ../clib/microlib/printf/printf.c         0x00000000   Number         0  printf7.o ABSOLUTE
    ../clib/microlib/printf/stubs.s          0x00000000   Number         0  stubs.o ABSOLUTE
    ../clib/microlib/string/memcpy.c         0x00000000   Number         0  memcpyb.o ABSOLUTE
    ../clib/microlib/string/memcpy.c         0x00000000   Number         0  memcpya.o ABSOLUTE
    ../clib/microlib/string/memset.c         0x00000000   Number         0  memseta.o ABSOLUTE
    ../clib/microlib/string/strlen.c         0x00000000   Number         0  strlen.o ABSOLUTE
    ../clib/microlib/stubs.s                 0x00000000   Number         0  iusefp.o ABSOLUTE
    ../clib/microlib/stubs.s                 0x00000000   Number         0  useno.o ABSOLUTE
    ../fplib/microlib/fpadd.c                0x00000000   Number         0  dadd.o ABSOLUTE
    ../fplib/microlib/fpadd.c                0x00000000   Number         0  fadd.o ABSOLUTE
    ../fplib/microlib/fpdiv.c                0x00000000   Number         0  ddiv.o ABSOLUTE
    ../fplib/microlib/fpdiv.c                0x00000000   Number         0  fdiv.o ABSOLUTE
    ../fplib/microlib/fpepilogue.c           0x00000000   Number         0  fepilogue.o ABSOLUTE
    ../fplib/microlib/fpepilogue.c           0x00000000   Number         0  depilogue.o ABSOLUTE
    ../fplib/microlib/fpfix.c                0x00000000   Number         0  dfixul.o ABSOLUTE
    ../fplib/microlib/fpfix.c                0x00000000   Number         0  ffixui.o ABSOLUTE
    ../fplib/microlib/fpflt.c                0x00000000   Number         0  ffltui.o ABSOLUTE
    ../fplib/microlib/fpmul.c                0x00000000   Number         0  dmul.o ABSOLUTE
    ../fplib/microlib/fpmul.c                0x00000000   Number         0  fmul.o ABSOLUTE
    ..\CORE\core_cm3.c                       0x00000000   Number         0  core_cm3.o ABSOLUTE
    ..\CORE\startup_stm32f10x_hd.s           0x00000000   Number         0  startup_stm32f10x_hd.o ABSOLUTE
    ..\GAgent\Gizwits\gizwits_product.c      0x00000000   Number         0  gizwits_product.o ABSOLUTE
    ..\GAgent\Gizwits\gizwits_protocol.c     0x00000000   Number         0  gizwits_protocol.o ABSOLUTE
    ..\GAgent\Utils\common.c                 0x00000000   Number         0  common.o ABSOLUTE
    ..\GAgent\Utils\dataPointTools.c         0x00000000   Number         0  datapointtools.o ABSOLUTE
    ..\GAgent\Utils\ringbuffer.c             0x00000000   Number         0  ringbuffer.o ABSOLUTE
    ..\HARDWARE\ADC+DMA\adc.c                0x00000000   Number         0  adc.o ABSOLUTE
    ..\HARDWARE\DHT11\dht11.c                0x00000000   Number         0  dht11.o ABSOLUTE
    ..\HARDWARE\KEY\key.c                    0x00000000   Number         0  key.o ABSOLUTE
    ..\HARDWARE\LED\led.c                    0x00000000   Number         0  led.o ABSOLUTE
    ..\HARDWARE\OLED\oled.c                  0x00000000   Number         0  oled.o ABSOLUTE
    ..\HARDWARE\TIMER\timer.c                0x00000000   Number         0  timer.o ABSOLUTE
    ..\HARDWARE\USART3\usart3.c              0x00000000   Number         0  usart3.o ABSOLUTE
    ..\HARDWARE\timercallback_func\Timer_callback_func.c 0x00000000   Number         0  timer_callback_func.o ABSOLUTE
    ..\STM32F10x_FWLib\src\misc.c            0x00000000   Number         0  misc.o ABSOLUTE
    ..\STM32F10x_FWLib\src\stm32f10x_adc.c   0x00000000   Number         0  stm32f10x_adc.o ABSOLUTE
    ..\STM32F10x_FWLib\src\stm32f10x_dma.c   0x00000000   Number         0  stm32f10x_dma.o ABSOLUTE
    ..\STM32F10x_FWLib\src\stm32f10x_exti.c  0x00000000   Number         0  stm32f10x_exti.o ABSOLUTE
    ..\STM32F10x_FWLib\src\stm32f10x_flash.c 0x00000000   Number         0  stm32f10x_flash.o ABSOLUTE
    ..\STM32F10x_FWLib\src\stm32f10x_gpio.c  0x00000000   Number         0  stm32f10x_gpio.o ABSOLUTE
    ..\STM32F10x_FWLib\src\stm32f10x_rcc.c   0x00000000   Number         0  stm32f10x_rcc.o ABSOLUTE
    ..\STM32F10x_FWLib\src\stm32f10x_sdio.c  0x00000000   Number         0  stm32f10x_sdio.o ABSOLUTE
    ..\STM32F10x_FWLib\src\stm32f10x_spi.c   0x00000000   Number         0  stm32f10x_spi.o ABSOLUTE
    ..\STM32F10x_FWLib\src\stm32f10x_tim.c   0x00000000   Number         0  stm32f10x_tim.o ABSOLUTE
    ..\STM32F10x_FWLib\src\stm32f10x_usart.c 0x00000000   Number         0  stm32f10x_usart.o ABSOLUTE
    ..\SYSTEM\delay\delay.c                  0x00000000   Number         0  delay.o ABSOLUTE
    ..\SYSTEM\sys\sys.c                      0x00000000   Number         0  sys.o ABSOLUTE
    ..\SYSTEM\usart\usart.c                  0x00000000   Number         0  usart.o ABSOLUTE
    ..\\CORE\\core_cm3.c                     0x00000000   Number         0  core_cm3.o ABSOLUTE
    cdrcmple.s                               0x00000000   Number         0  cdrcmple.o ABSOLUTE
    dc.s                                     0x00000000   Number         0  dc.o ABSOLUTE
    handlers.s                               0x00000000   Number         0  handlers.o ABSOLUTE
    init.s                                   0x00000000   Number         0  init.o ABSOLUTE
    main.c                                   0x00000000   Number         0  main.o ABSOLUTE
    stm32f10x_it.c                           0x00000000   Number         0  stm32f10x_it.o ABSOLUTE
    system_stm32f10x.c                       0x00000000   Number         0  system_stm32f10x.o ABSOLUTE
    RESET                                    0x08000000   Section      304  startup_stm32f10x_hd.o(RESET)
    .ARM.Collect$$$$00000000                 0x08000130   Section        0  entry.o(.ARM.Collect$$$$00000000)
    .ARM.Collect$$$$00000001                 0x08000130   Section        4  entry2.o(.ARM.Collect$$$$00000001)
    .ARM.Collect$$$$00000004                 0x08000134   Section        4  entry5.o(.ARM.Collect$$$$00000004)
    .ARM.Collect$$$$00000008                 0x08000138   Section        0  entry7b.o(.ARM.Collect$$$$00000008)
    .ARM.Collect$$$$0000000A                 0x08000138   Section        0  entry8b.o(.ARM.Collect$$$$0000000A)
    .ARM.Collect$$$$0000000B                 0x08000138   Section        8  entry9a.o(.ARM.Collect$$$$0000000B)
    .ARM.Collect$$$$0000000D                 0x08000140   Section        0  entry10a.o(.ARM.Collect$$$$0000000D)
    .ARM.Collect$$$$0000000F                 0x08000140   Section        0  entry11a.o(.ARM.Collect$$$$0000000F)
    .ARM.Collect$$$$00002712                 0x08000140   Section        4  entry2.o(.ARM.Collect$$$$00002712)
    __lit__00000000                          0x08000140   Data           4  entry2.o(.ARM.Collect$$$$00002712)
    .text                                    0x08000144   Section        0  main.o(.text)
    .text                                    0x08000714   Section        0  stm32f10x_it.o(.text)
    .text                                    0x08000730   Section        0  system_stm32f10x.o(.text)
    SetSysClockTo72                          0x08000731   Thumb Code   214  system_stm32f10x.o(.text)
    SetSysClock                              0x08000807   Thumb Code     8  system_stm32f10x.o(.text)
    .text                                    0x08000910   Section        0  led.o(.text)
    LED_Init                                 0x08000911   Thumb Code    50  led.o(.text)
    BUZZER_Init                              0x08000943   Thumb Code    46  led.o(.text)
    .text                                    0x08000984   Section        0  timer.o(.text)
    .text                                    0x08000a9c   Section        0  adc.o(.text)
    .text                                    0x08000c14   Section        0  timer_callback_func.o(.text)
    .text                                    0x08000d28   Section        0  key.o(.text)
    .text                                    0x08000e74   Section        0  usart3.o(.text)
    .text                                    0x08000f44   Section        0  oled.o(.text)
    .text                                    0x080017f8   Section        0  dht11.o(.text)
    .text                                    0x08001998   Section        0  gizwits_product.o(.text)
    .text                                    0x08001bf4   Section        0  gizwits_protocol.o(.text)
    gizProtocolHeadInit                      0x08001c29   Thumb Code    34  gizwits_protocol.o(.text)
    gizProtocolWaitAck                       0x08001c4b   Thumb Code    70  gizwits_protocol.o(.text)
    gizCheckReport                           0x08001c91   Thumb Code   196  gizwits_protocol.o(.text)
    gizDataPoints2ReportData                 0x08001d55   Thumb Code   116  gizwits_protocol.o(.text)
    gizProtocolIssuedProcess                 0x08001dc9   Thumb Code   202  gizwits_protocol.o(.text)
    gizProtocolIssuedDataAck                 0x08001e93   Thumb Code   230  gizwits_protocol.o(.text)
    gizReportData                            0x08001f79   Thumb Code   656  gizwits_protocol.o(.text)
    gizDevReportPolicy                       0x08002209   Thumb Code   128  gizwits_protocol.o(.text)
    gizProtocolGetOnePacket                  0x08002289   Thumb Code   358  gizwits_protocol.o(.text)
    gizProtocolResendData                    0x080023ef   Thumb Code    72  gizwits_protocol.o(.text)
    gizProtocolWaitAckCheck                  0x08002437   Thumb Code    48  gizwits_protocol.o(.text)
    gizProtocolCommonAck                     0x08002467   Thumb Code    86  gizwits_protocol.o(.text)
    gizProtocolAckHandle                     0x080024bd   Thumb Code   106  gizwits_protocol.o(.text)
    gizProtocolGetDeviceInfo                 0x08002527   Thumb Code   642  gizwits_protocol.o(.text)
    gizProtocolErrorCmd                      0x080027a9   Thumb Code    92  gizwits_protocol.o(.text)
    gizProtocolNTP                           0x08002805   Thumb Code   112  gizwits_protocol.o(.text)
    gizProtocolReboot                        0x08002875   Thumb Code    28  gizwits_protocol.o(.text)
    gizProtocolModuleStatus                  0x08002891   Thumb Code  1334  gizwits_protocol.o(.text)
    gizProtocolModuleInfoHandle              0x08003113   Thumb Code   266  gizwits_protocol.o(.text)
    .text                                    0x0800365c   Section        0  common.o(.text)
    isleap                                   0x080037ed   Thumb Code    52  common.o(.text)
    get_yeardays                             0x08003821   Thumb Code    24  common.o(.text)
    .text                                    0x080039f4   Section        0  datapointtools.o(.text)
    .text                                    0x08003d40   Section        0  ringbuffer.o(.text)
    .text                                    0x08003f10   Section        0  delay.o(.text)
    .text                                    0x08003fe4   Section        0  usart.o(.text)
    .text                                    0x08004140   Section        0  misc.o(.text)
    .text                                    0x0800421c   Section        0  stm32f10x_adc.o(.text)
    .text                                    0x0800466c   Section        0  stm32f10x_dma.o(.text)
    .text                                    0x080048c0   Section        0  stm32f10x_gpio.o(.text)
    .text                                    0x08004c1c   Section        0  stm32f10x_rcc.o(.text)
    .text                                    0x08004fc0   Section        0  stm32f10x_tim.o(.text)
    TI4_Config                               0x08005467   Thumb Code   130  stm32f10x_tim.o(.text)
    TI3_Config                               0x080054fb   Thumb Code   122  stm32f10x_tim.o(.text)
    TI2_Config                               0x0800558f   Thumb Code   130  stm32f10x_tim.o(.text)
    TI1_Config                               0x08005623   Thumb Code   108  stm32f10x_tim.o(.text)
    .text                                    0x08005ddc   Section        0  stm32f10x_usart.o(.text)
    .text                                    0x080061e4   Section       36  startup_stm32f10x_hd.o(.text)
    .text                                    0x08006208   Section        0  toupper.o(.text)
    .text                                    0x08006214   Section        0  memcpya.o(.text)
    .text                                    0x08006238   Section        0  memseta.o(.text)
    .text                                    0x0800625c   Section        0  strlen.o(.text)
    .text                                    0x0800626a   Section        0  fadd.o(.text)
    .text                                    0x0800631a   Section        0  fmul.o(.text)
    .text                                    0x0800637e   Section        0  fdiv.o(.text)
    .text                                    0x080063fa   Section        0  ffltui.o(.text)
    .text                                    0x08006404   Section        0  ffixui.o(.text)
    .text                                    0x0800642c   Section        0  uldiv.o(.text)
    .text                                    0x0800648e   Section        0  iusefp.o(.text)
    .text                                    0x0800648e   Section        0  fepilogue.o(.text)
    .text                                    0x080064fc   Section       36  init.o(.text)
    .text                                    0x08006520   Section        0  llshl.o(.text)
    .text                                    0x0800653e   Section        0  llushr.o(.text)
    .text                                    0x0800655e   Section        0  __dclz77c.o(.text)
    i.__0printf$8                            0x080065bc   Section        0  printf8.o(i.__0printf$8)
    i.__scatterload_copy                     0x080065dc   Section       14  handlers.o(i.__scatterload_copy)
    i.__scatterload_null                     0x080065ea   Section        2  handlers.o(i.__scatterload_null)
    i.__scatterload_zeroinit                 0x080065ec   Section       14  handlers.o(i.__scatterload_zeroinit)
    i._printf_core                           0x080065fc   Section        0  printf8.o(i._printf_core)
    _printf_core                             0x080065fd   Thumb Code   996  printf8.o(i._printf_core)
    i._printf_post_padding                   0x08006a0c   Section        0  printf8.o(i._printf_post_padding)
    _printf_post_padding                     0x08006a0d   Thumb Code    36  printf8.o(i._printf_post_padding)
    i._printf_pre_padding                    0x08006a30   Section        0  printf8.o(i._printf_pre_padding)
    _printf_pre_padding                      0x08006a31   Thumb Code    46  printf8.o(i._printf_pre_padding)
    .constdata                               0x08006a5e   Section      736  main.o(.constdata)
    .constdata                               0x08006d40   Section     7448  oled.o(.constdata)
    .constdata                               0x08008a58   Section       48  common.o(.constdata)
    .data                                    0x20000000   Section        4  main.o(.data)
    .data                                    0x20000004   Section       20  system_stm32f10x.o(.data)
    .data                                    0x20000018   Section        7  timer.o(.data)
    .data                                    0x20000020   Section        6  adc.o(.data)
    .data                                    0x20000026   Section        6  key.o(.data)
    .data                                    0x2000002c   Section     2241  oled.o(.data)
    _state                                   0x200008ec   Data           1  oled.o(.data)
    .data                                    0x200008f0   Section        4  gizwits_product.o(.data)
    timerMsCount                             0x200008f0   Data           4  gizwits_product.o(.data)
    .data                                    0x200008f4   Section       16  gizwits_protocol.o(.data)
    lastReportTime                           0x200008f4   Data           4  gizwits_protocol.o(.data)
    lastRepTime                              0x200008f8   Data           4  gizwits_protocol.o(.data)
    protocolFlag                             0x200008fc   Data           1  gizwits_protocol.o(.data)
    protocolCount                            0x200008fe   Data           2  gizwits_protocol.o(.data)
    lastData                                 0x20000900   Data           1  gizwits_protocol.o(.data)
    debugCount                               0x20000901   Data           1  gizwits_protocol.o(.data)
    lastStatus                               0x20000902   Data           2  gizwits_protocol.o(.data)
    .data                                    0x20000904   Section        4  delay.o(.data)
    fac_us                                   0x20000904   Data           1  delay.o(.data)
    fac_ms                                   0x20000906   Data           2  delay.o(.data)
    .data                                    0x20000908   Section        6  usart.o(.data)
    .data                                    0x2000090e   Section       20  stm32f10x_rcc.o(.data)
    APBAHBPrescTable                         0x2000090e   Data          16  stm32f10x_rcc.o(.data)
    ADCPrescTable                            0x2000091e   Data           4  stm32f10x_rcc.o(.data)
    .bss                                     0x20000924   Section       17  main.o(.bss)
    .bss                                     0x20000938   Section      160  timer_callback_func.o(.bss)
    .bss                                     0x200009d8   Section     1024  oled.o(.bss)
    .bss                                     0x20000dd8   Section      357  gizwits_protocol.o(.bss)
    rbBuf                                    0x20000f09   Data          52  gizwits_protocol.o(.bss)
    .bss                                     0x20000f3d   Section      200  usart.o(.bss)
    STACK                                    0x20001008   Section     1024  startup_stm32f10x_hd.o(STACK)

    Global Symbols

    Symbol Name                              Value     Ov Type        Size  Object(Section)

    BuildAttributes$$THM_ISAv4$P$D$K$B$S$PE$A:L22UL41UL21$X:L11$S22US41US21$IEEE1$IW$USESV6$~STKCKD$USESV7$~SHL$OTIME$ROPI$EBA8$MICROLIB$REQ8$PRES8$EABIv2 0x00000000   Number         0  anon$$obj.o ABSOLUTE
    __ARM_use_no_argv                        0x00000000   Number         0  main.o ABSOLUTE
    __use_no_errno                           0x00000000   Number         0  useno.o ABSOLUTE
    __use_no_exception_handling              0x00000000   Number         0  useno.o ABSOLUTE
    __use_no_fp                              0x00000000   Number         0  useno.o ABSOLUTE
    __use_no_heap                            0x00000000   Number         0  useno.o ABSOLUTE
    __use_no_heap_region                     0x00000000   Number         0  useno.o ABSOLUTE
    __use_no_semihosting                     0x00000000   Number         0  useno.o ABSOLUTE
    __use_no_semihosting_swi                 0x00000000   Number         0  useno.o ABSOLUTE
    __use_no_signal_handling                 0x00000000   Number         0  useno.o ABSOLUTE
    _printf_a                                0x00000000   Number         0  stubs.o ABSOLUTE
    _printf_c                                0x00000000   Number         0  stubs.o ABSOLUTE
    _printf_charcount                        0x00000000   Number         0  stubs.o ABSOLUTE
    _printf_d                                0x00000000   Number         0  stubs.o ABSOLUTE
    _printf_e                                0x00000000   Number         0  stubs.o ABSOLUTE
    _printf_f                                0x00000000   Number         0  stubs.o ABSOLUTE
    _printf_flags                            0x00000000   Number         0  stubs.o ABSOLUTE
    _printf_fp_dec                           0x00000000   Number         0  stubs.o ABSOLUTE
    _printf_fp_hex                           0x00000000   Number         0  stubs.o ABSOLUTE
    _printf_g                                0x00000000   Number         0  stubs.o ABSOLUTE
    _printf_i                                0x00000000   Number         0  stubs.o ABSOLUTE
    _printf_int_dec                          0x00000000   Number         0  stubs.o ABSOLUTE
    _printf_l                                0x00000000   Number         0  stubs.o ABSOLUTE
    _printf_lc                               0x00000000   Number         0  stubs.o ABSOLUTE
    _printf_ll                               0x00000000   Number         0  stubs.o ABSOLUTE
    _printf_lld                              0x00000000   Number         0  stubs.o ABSOLUTE
    _printf_lli                              0x00000000   Number         0  stubs.o ABSOLUTE
    _printf_llo                              0x00000000   Number         0  stubs.o ABSOLUTE
    _printf_llu                              0x00000000   Number         0  stubs.o ABSOLUTE
    _printf_llx                              0x00000000   Number         0  stubs.o ABSOLUTE
    _printf_longlong_dec                     0x00000000   Number         0  stubs.o ABSOLUTE
    _printf_longlong_hex                     0x00000000   Number         0  stubs.o ABSOLUTE
    _printf_longlong_oct                     0x00000000   Number         0  stubs.o ABSOLUTE
    _printf_ls                               0x00000000   Number         0  stubs.o ABSOLUTE
    _printf_mbtowc                           0x00000000   Number         0  stubs.o ABSOLUTE
    _printf_n                                0x00000000   Number         0  stubs.o ABSOLUTE
    _printf_o                                0x00000000   Number         0  stubs.o ABSOLUTE
    _printf_p                                0x00000000   Number         0  stubs.o ABSOLUTE
    _printf_percent                          0x00000000   Number         0  stubs.o ABSOLUTE
    _printf_pre_padding                      0x00000000   Number         0  stubs.o ABSOLUTE
    _printf_return_value                     0x00000000   Number         0  stubs.o ABSOLUTE
    _printf_s                                0x00000000   Number         0  stubs.o ABSOLUTE
    _printf_sizespec                         0x00000000   Number         0  stubs.o ABSOLUTE
    _printf_str                              0x00000000   Number         0  stubs.o ABSOLUTE
    _printf_truncate_signed                  0x00000000   Number         0  stubs.o ABSOLUTE
    _printf_truncate_unsigned                0x00000000   Number         0  stubs.o ABSOLUTE
    _printf_u                                0x00000000   Number         0  stubs.o ABSOLUTE
    _printf_wc                               0x00000000   Number         0  stubs.o ABSOLUTE
    _printf_wctomb                           0x00000000   Number         0  stubs.o ABSOLUTE
    _printf_widthprec                        0x00000000   Number         0  stubs.o ABSOLUTE
    _printf_x                                0x00000000   Number         0  stubs.o ABSOLUTE
    __cpp_initialize__aeabi_                  - Undefined Weak Reference
    __cxa_finalize                            - Undefined Weak Reference
    _clock_init                               - Undefined Weak Reference
    _microlib_exit                            - Undefined Weak Reference
    __Vectors_Size                           0x00000130   Number         0  startup_stm32f10x_hd.o ABSOLUTE
    __Vectors                                0x08000000   Data           4  startup_stm32f10x_hd.o(RESET)
    __Vectors_End                            0x08000130   Data           0  startup_stm32f10x_hd.o(RESET)
    __main                                   0x08000131   Thumb Code     0  entry.o(.ARM.Collect$$$$00000000)
    _main_stk                                0x08000131   Thumb Code     0  entry2.o(.ARM.Collect$$$$00000001)
    _main_scatterload                        0x08000135   Thumb Code     0  entry5.o(.ARM.Collect$$$$00000004)
    __main_after_scatterload                 0x08000139   Thumb Code     0  entry5.o(.ARM.Collect$$$$00000004)
    _main_clock                              0x08000139   Thumb Code     0  entry7b.o(.ARM.Collect$$$$00000008)
    _main_cpp_init                           0x08000139   Thumb Code     0  entry8b.o(.ARM.Collect$$$$0000000A)
    _main_init                               0x08000139   Thumb Code     0  entry9a.o(.ARM.Collect$$$$0000000B)
    __rt_final_cpp                           0x08000141   Thumb Code     0  entry10a.o(.ARM.Collect$$$$0000000D)
    __rt_final_exit                          0x08000141   Thumb Code     0  entry11a.o(.ARM.Collect$$$$0000000F)
    Gizwits_Init                             0x08000145   Thumb Code    34  main.o(.text)
    main                                     0x08000167   Thumb Code  1406  main.o(.text)
    NMI_Handler                              0x08000715   Thumb Code     2  stm32f10x_it.o(.text)
    HardFault_Handler                        0x08000717   Thumb Code     4  stm32f10x_it.o(.text)
    MemManage_Handler                        0x0800071b   Thumb Code     4  stm32f10x_it.o(.text)
    BusFault_Handler                         0x0800071f   Thumb Code     4  stm32f10x_it.o(.text)
    UsageFault_Handler                       0x08000723   Thumb Code     4  stm32f10x_it.o(.text)
    SVC_Handler                              0x08000727   Thumb Code     2  stm32f10x_it.o(.text)
    DebugMon_Handler                         0x08000729   Thumb Code     2  stm32f10x_it.o(.text)
    PendSV_Handler                           0x0800072b   Thumb Code     2  stm32f10x_it.o(.text)
    SysTick_Handler                          0x0800072d   Thumb Code     2  stm32f10x_it.o(.text)
    SystemInit                               0x0800080f   Thumb Code    78  system_stm32f10x.o(.text)
    SystemCoreClockUpdate                    0x0800085d   Thumb Code   142  system_stm32f10x.o(.text)
    Periph_Init                              0x08000971   Thumb Code    12  led.o(.text)
    TIM3_Int_Init                            0x08000985   Thumb Code    90  timer.o(.text)
    TIM3_IRQHandler                          0x080009df   Thumb Code   162  timer.o(.text)
    Adc_Init                                 0x08000a9d   Thumb Code   252  adc.o(.text)
    Get_Adc                                  0x08000b99   Thumb Code    56  adc.o(.text)
    Get_Adc_Average                          0x08000bd1   Thumb Code    50  adc.o(.text)
    FuncReg                                  0x08000c15   Thumb Code   132  timer_callback_func.o(.text)
    FuncTimeTravers_ISR                      0x08000c99   Thumb Code    90  timer_callback_func.o(.text)
    CleanCallbackFunc                        0x08000cf3   Thumb Code    50  timer_callback_func.o(.text)
    Key_Io_Init                              0x08000d29   Thumb Code    34  key.o(.text)
    key_Long_press_test                      0x08000d4b   Thumb Code    26  key.o(.text)
    Key_Get                                  0x08000d65   Thumb Code   118  key.o(.text)
    Key_Event_Handler                        0x08000ddb   Thumb Code   116  key.o(.text)
    USART3_IRQHandler                        0x08000e75   Thumb Code    34  usart3.o(.text)
    usart3_init                              0x08000e97   Thumb Code   166  usart3.o(.text)
    IIC_Stop                                 0x08000f45   Thumb Code    34  oled.o(.text)
    IIC_Wait_Ack                             0x08000f67   Thumb Code    26  oled.o(.text)
    Write_IIC_Byte                           0x08000f81   Thumb Code    92  oled.o(.text)
    IIC_Start                                0x08000fdd   Thumb Code    48  oled.o(.text)
    Write_IIC_Command                        0x0800100d   Thumb Code    44  oled.o(.text)
    Write_IIC_Data                           0x08001039   Thumb Code    44  oled.o(.text)
    OLED_WR_Byte                             0x08001065   Thumb Code    24  oled.o(.text)
    OLED_Refresh_Gram                        0x0800107d   Thumb Code    68  oled.o(.text)
    OLED_DrawPoint                           0x080010c1   Thumb Code   100  oled.o(.text)
    OLED_Fill                                0x08001125   Thumb Code    58  oled.o(.text)
    fill_picture                             0x0800115f   Thumb Code    64  oled.o(.text)
    OLED_Set_Pos                             0x0800119f   Thumb Code    40  oled.o(.text)
    OLED_Display_On                          0x080011c7   Thumb Code    28  oled.o(.text)
    OLED_Display_Off                         0x080011e3   Thumb Code    28  oled.o(.text)
    OLED_Clear                               0x080011ff   Thumb Code    62  oled.o(.text)
    OLED_Clear_static                        0x0800123d   Thumb Code    92  oled.o(.text)
    OLED_Part_Clear                          0x08001299   Thumb Code    70  oled.o(.text)
    OLED_On                                  0x080012df   Thumb Code    62  oled.o(.text)
    OLED_ShowChar                            0x0800131d   Thumb Code   168  oled.o(.text)
    OLED_Show_32_32                          0x080013c5   Thumb Code   204  oled.o(.text)
    OLED_Show_32_char                        0x08001491   Thumb Code   148  oled.o(.text)
    oled_pow                                 0x08001525   Thumb Code    22  oled.o(.text)
    OLED_ShowNum                             0x0800153b   Thumb Code   136  oled.o(.text)
    OLED_ShowString                          0x080015c3   Thumb Code    58  oled.o(.text)
    OLED_ShowCHinese                         0x080015fd   Thumb Code    98  oled.o(.text)
    OLED_DrawBMP                             0x0800165f   Thumb Code   118  oled.o(.text)
    OLED_Init                                0x080016d5   Thumb Code   292  oled.o(.text)
    DHT11_Rst                                0x080017f9   Thumb Code    52  dht11.o(.text)
    DHT11_Check                              0x0800182d   Thumb Code    96  dht11.o(.text)
    DHT11_Read_Bit                           0x0800188d   Thumb Code    76  dht11.o(.text)
    DHT11_Read_Byte                          0x080018d9   Thumb Code    30  dht11.o(.text)
    DHT11_Read_Data                          0x080018f7   Thumb Code    88  dht11.o(.text)
    DHT11_Init                               0x0800194f   Thumb Code    62  dht11.o(.text)
    gizwitsEventProcess                      0x08001999   Thumb Code   184  gizwits_product.o(.text)
    userHandle                               0x08001a51   Thumb Code     2  gizwits_product.o(.text)
    userInit                                 0x08001a53   Thumb Code    12  gizwits_product.o(.text)
    gizTimerMs                               0x08001a5f   Thumb Code    12  gizwits_product.o(.text)
    gizGetTimerCount                         0x08001a6b   Thumb Code     6  gizwits_product.o(.text)
    mcuRestart                               0x08001a71   Thumb Code    38  gizwits_product.o(.text)
    USART2_IRQHandler                        0x08001a97   Thumb Code    16  gizwits_product.o(.text)
    uartWrite                                0x08001aa7   Thumb Code   144  gizwits_product.o(.text)
    gizPutData                               0x08001bf5   Thumb Code    52  gizwits_protocol.o(.text)
    gizwitsInit                              0x08002dc7   Thumb Code    46  gizwits_protocol.o(.text)
    gizwitsSetMode                           0x08002df5   Thumb Code   604  gizwits_protocol.o(.text)
    gizwitsGetNTP                            0x08003051   Thumb Code    94  gizwits_protocol.o(.text)
    gizwitsGetModuleInfo                     0x080030af   Thumb Code   100  gizwits_protocol.o(.text)
    gizwitsHandle                            0x0800321d   Thumb Code   598  gizwits_protocol.o(.text)
    gizwitsPassthroughData                   0x08003473   Thumb Code   172  gizwits_protocol.o(.text)
    gizProtocolSum                           0x0800365d   Thumb Code    38  common.o(.text)
    exchangeBytes                            0x08003683   Thumb Code    26  common.o(.text)
    exchangeWord                             0x0800369d   Thumb Code    26  common.o(.text)
    char2hex                                 0x080036b7   Thumb Code   108  common.o(.text)
    checkStringIsNotZero                     0x08003723   Thumb Code    46  common.o(.text)
    returnWeekDay                            0x08003751   Thumb Code   156  common.o(.text)
    returnNtp2Wt                             0x08003839   Thumb Code   274  common.o(.text)
    str2Hex                                  0x0800394b   Thumb Code    80  common.o(.text)
    hex2Str                                  0x0800399b   Thumb Code    82  common.o(.text)
    gizByteOrderExchange                     0x080039f5   Thumb Code    50  datapointtools.o(.text)
    gizY2X                                   0x08003a27   Thumb Code    14  datapointtools.o(.text)
    gizX2Y                                   0x08003a35   Thumb Code    12  datapointtools.o(.text)
    gizY2XFloat                              0x08003a41   Thumb Code    42  datapointtools.o(.text)
    gizX2YFloat                              0x08003a6b   Thumb Code    42  datapointtools.o(.text)
    gizAcrossByteJudge                       0x08003a95   Thumb Code    42  datapointtools.o(.text)
    gizVarlenCompressValue                   0x08003abf   Thumb Code   124  datapointtools.o(.text)
    gizVarlenDecompressionValue              0x08003b3b   Thumb Code   196  datapointtools.o(.text)
    gizStandardDecompressionValue            0x08003bff   Thumb Code   194  datapointtools.o(.text)
    gizStandardCompressValue                 0x08003cc1   Thumb Code   128  datapointtools.o(.text)
    rbCreate                                 0x08003d41   Thumb Code    22  ringbuffer.o(.text)
    rbDelete                                 0x08003d57   Thumb Code    24  ringbuffer.o(.text)
    rbCapacity                               0x08003d6f   Thumb Code    14  ringbuffer.o(.text)
    rbCanRead                                0x08003d7d   Thumb Code    56  ringbuffer.o(.text)
    rbCanWrite                               0x08003db5   Thumb Code    30  ringbuffer.o(.text)
    rbRead                                   0x08003dd3   Thumb Code   162  ringbuffer.o(.text)
    rbWrite                                  0x08003e75   Thumb Code   154  ringbuffer.o(.text)
    delay_init                               0x08003f11   Thumb Code    50  delay.o(.text)
    delay_us                                 0x08003f43   Thumb Code    72  delay.o(.text)
    delay_ms                                 0x08003f8b   Thumb Code    72  delay.o(.text)
    _sys_exit                                0x08003fe5   Thumb Code     4  usart.o(.text)
    fputc                                    0x08003fe9   Thumb Code    24  usart.o(.text)
    uart_init                                0x08004001   Thumb Code   152  usart.o(.text)
    USART1_IRQHandler                        0x08004099   Thumb Code   122  usart.o(.text)
    USART1_Send_Byte                         0x08004113   Thumb Code    28  usart.o(.text)
    NVIC_PriorityGroupConfig                 0x08004141   Thumb Code    10  misc.o(.text)
    NVIC_Init                                0x0800414b   Thumb Code   100  misc.o(.text)
    NVIC_SetVectorTable                      0x080041af   Thumb Code    14  misc.o(.text)
    NVIC_SystemLPConfig                      0x080041bd   Thumb Code    34  misc.o(.text)
    SysTick_CLKSourceConfig                  0x080041df   Thumb Code    40  misc.o(.text)
    ADC_DeInit                               0x0800421d   Thumb Code    78  stm32f10x_adc.o(.text)
    ADC_Init                                 0x0800426b   Thumb Code    70  stm32f10x_adc.o(.text)
    ADC_StructInit                           0x080042b1   Thumb Code    18  stm32f10x_adc.o(.text)
    ADC_Cmd                                  0x080042c3   Thumb Code    22  stm32f10x_adc.o(.text)
    ADC_DMACmd                               0x080042d9   Thumb Code    22  stm32f10x_adc.o(.text)
    ADC_ITConfig                             0x080042ef   Thumb Code    24  stm32f10x_adc.o(.text)
    ADC_ResetCalibration                     0x08004307   Thumb Code    10  stm32f10x_adc.o(.text)
    ADC_GetResetCalibrationStatus            0x08004311   Thumb Code    20  stm32f10x_adc.o(.text)
    ADC_StartCalibration                     0x08004325   Thumb Code    10  stm32f10x_adc.o(.text)
    ADC_GetCalibrationStatus                 0x0800432f   Thumb Code    20  stm32f10x_adc.o(.text)
    ADC_SoftwareStartConvCmd                 0x08004343   Thumb Code    22  stm32f10x_adc.o(.text)
    ADC_GetSoftwareStartConvStatus           0x08004359   Thumb Code    20  stm32f10x_adc.o(.text)
    ADC_DiscModeChannelCountConfig           0x0800436d   Thumb Code    24  stm32f10x_adc.o(.text)
    ADC_DiscModeCmd                          0x08004385   Thumb Code    22  stm32f10x_adc.o(.text)
    ADC_RegularChannelConfig                 0x0800439b   Thumb Code   184  stm32f10x_adc.o(.text)
    ADC_ExternalTrigConvCmd                  0x08004453   Thumb Code    22  stm32f10x_adc.o(.text)
    ADC_GetConversionValue                   0x08004469   Thumb Code     8  stm32f10x_adc.o(.text)
    ADC_GetDualModeConversionValue           0x08004471   Thumb Code     8  stm32f10x_adc.o(.text)
    ADC_AutoInjectedConvCmd                  0x08004479   Thumb Code    22  stm32f10x_adc.o(.text)
    ADC_InjectedDiscModeCmd                  0x0800448f   Thumb Code    22  stm32f10x_adc.o(.text)
    ADC_ExternalTrigInjectedConvConfig       0x080044a5   Thumb Code    16  stm32f10x_adc.o(.text)
    ADC_ExternalTrigInjectedConvCmd          0x080044b5   Thumb Code    22  stm32f10x_adc.o(.text)
    ADC_SoftwareStartInjectedConvCmd         0x080044cb   Thumb Code    22  stm32f10x_adc.o(.text)
    ADC_GetSoftwareStartInjectedConvCmdStatus 0x080044e1   Thumb Code    20  stm32f10x_adc.o(.text)
    ADC_InjectedChannelConfig                0x080044f5   Thumb Code   130  stm32f10x_adc.o(.text)
    ADC_InjectedSequencerLengthConfig        0x08004577   Thumb Code    24  stm32f10x_adc.o(.text)
    ADC_SetInjectedOffset                    0x0800458f   Thumb Code    20  stm32f10x_adc.o(.text)
    ADC_GetInjectedConversionValue           0x080045a3   Thumb Code    28  stm32f10x_adc.o(.text)
    ADC_AnalogWatchdogCmd                    0x080045bf   Thumb Code    16  stm32f10x_adc.o(.text)
    ADC_AnalogWatchdogThresholdsConfig       0x080045cf   Thumb Code     6  stm32f10x_adc.o(.text)
    ADC_AnalogWatchdogSingleChannelConfig    0x080045d5   Thumb Code    16  stm32f10x_adc.o(.text)
    ADC_TempSensorVrefintCmd                 0x080045e5   Thumb Code    64  stm32f10x_adc.o(.text)
    ADC_GetFlagStatus                        0x08004625   Thumb Code    18  stm32f10x_adc.o(.text)
    ADC_ClearFlag                            0x08004637   Thumb Code     6  stm32f10x_adc.o(.text)
    ADC_GetITStatus                          0x0800463d   Thumb Code    36  stm32f10x_adc.o(.text)
    ADC_ClearITPendingBit                    0x08004661   Thumb Code    10  stm32f10x_adc.o(.text)
    DMA_DeInit                               0x0800466d   Thumb Code   324  stm32f10x_dma.o(.text)
    DMA_Init                                 0x080047b1   Thumb Code    60  stm32f10x_dma.o(.text)
    DMA_StructInit                           0x080047ed   Thumb Code    26  stm32f10x_dma.o(.text)
    DMA_Cmd                                  0x08004807   Thumb Code    24  stm32f10x_dma.o(.text)
    DMA_ITConfig                             0x0800481f   Thumb Code    18  stm32f10x_dma.o(.text)
    DMA_SetCurrDataCounter                   0x08004831   Thumb Code     4  stm32f10x_dma.o(.text)
    DMA_GetCurrDataCounter                   0x08004835   Thumb Code     8  stm32f10x_dma.o(.text)
    DMA_GetFlagStatus                        0x0800483d   Thumb Code    40  stm32f10x_dma.o(.text)
    DMA_ClearFlag                            0x08004865   Thumb Code    22  stm32f10x_dma.o(.text)
    DMA_GetITStatus                          0x0800487b   Thumb Code    40  stm32f10x_dma.o(.text)
    DMA_ClearITPendingBit                    0x080048a3   Thumb Code    22  stm32f10x_dma.o(.text)
    GPIO_DeInit                              0x080048c1   Thumb Code   172  stm32f10x_gpio.o(.text)
    GPIO_AFIODeInit                          0x0800496d   Thumb Code    20  stm32f10x_gpio.o(.text)
    GPIO_Init                                0x08004981   Thumb Code   278  stm32f10x_gpio.o(.text)
    GPIO_StructInit                          0x08004a97   Thumb Code    16  stm32f10x_gpio.o(.text)
    GPIO_ReadInputDataBit                    0x08004aa7   Thumb Code    18  stm32f10x_gpio.o(.text)
    GPIO_ReadInputData                       0x08004ab9   Thumb Code     8  stm32f10x_gpio.o(.text)
    GPIO_ReadOutputDataBit                   0x08004ac1   Thumb Code    18  stm32f10x_gpio.o(.text)
    GPIO_ReadOutputData                      0x08004ad3   Thumb Code     8  stm32f10x_gpio.o(.text)
    GPIO_SetBits                             0x08004adb   Thumb Code     4  stm32f10x_gpio.o(.text)
    GPIO_ResetBits                           0x08004adf   Thumb Code     4  stm32f10x_gpio.o(.text)
    GPIO_WriteBit                            0x08004ae3   Thumb Code    10  stm32f10x_gpio.o(.text)
    GPIO_Write                               0x08004aed   Thumb Code     4  stm32f10x_gpio.o(.text)
    GPIO_PinLockConfig                       0x08004af1   Thumb Code    18  stm32f10x_gpio.o(.text)
    GPIO_EventOutputConfig                   0x08004b03   Thumb Code    26  stm32f10x_gpio.o(.text)
    GPIO_EventOutputCmd                      0x08004b1d   Thumb Code     6  stm32f10x_gpio.o(.text)
    GPIO_PinRemapConfig                      0x08004b23   Thumb Code   138  stm32f10x_gpio.o(.text)
    GPIO_EXTILineConfig                      0x08004bad   Thumb Code    66  stm32f10x_gpio.o(.text)
    GPIO_ETH_MediaInterfaceConfig            0x08004bef   Thumb Code     8  stm32f10x_gpio.o(.text)
    RCC_DeInit                               0x08004c1d   Thumb Code    64  stm32f10x_rcc.o(.text)
    RCC_HSEConfig                            0x08004c5d   Thumb Code    70  stm32f10x_rcc.o(.text)
    RCC_GetFlagStatus                        0x08004ca3   Thumb Code    56  stm32f10x_rcc.o(.text)
    RCC_WaitForHSEStartUp                    0x08004cdb   Thumb Code    56  stm32f10x_rcc.o(.text)
    RCC_AdjustHSICalibrationValue            0x08004d13   Thumb Code    20  stm32f10x_rcc.o(.text)
    RCC_HSICmd                               0x08004d27   Thumb Code     6  stm32f10x_rcc.o(.text)
    RCC_PLLConfig                            0x08004d2d   Thumb Code    24  stm32f10x_rcc.o(.text)
    RCC_PLLCmd                               0x08004d45   Thumb Code     6  stm32f10x_rcc.o(.text)
    RCC_SYSCLKConfig                         0x08004d4b   Thumb Code    18  stm32f10x_rcc.o(.text)
    RCC_GetSYSCLKSource                      0x08004d5d   Thumb Code    10  stm32f10x_rcc.o(.text)
    RCC_HCLKConfig                           0x08004d67   Thumb Code    18  stm32f10x_rcc.o(.text)
    RCC_PCLK1Config                          0x08004d79   Thumb Code    18  stm32f10x_rcc.o(.text)
    RCC_PCLK2Config                          0x08004d8b   Thumb Code    20  stm32f10x_rcc.o(.text)
    RCC_ITConfig                             0x08004d9f   Thumb Code    26  stm32f10x_rcc.o(.text)
    RCC_USBCLKConfig                         0x08004db9   Thumb Code     8  stm32f10x_rcc.o(.text)
    RCC_ADCCLKConfig                         0x08004dc1   Thumb Code    18  stm32f10x_rcc.o(.text)
    RCC_LSEConfig                            0x08004dd3   Thumb Code    50  stm32f10x_rcc.o(.text)
    RCC_LSICmd                               0x08004e05   Thumb Code     6  stm32f10x_rcc.o(.text)
    RCC_RTCCLKConfig                         0x08004e0b   Thumb Code    12  stm32f10x_rcc.o(.text)
    RCC_RTCCLKCmd                            0x08004e17   Thumb Code     8  stm32f10x_rcc.o(.text)
    RCC_GetClocksFreq                        0x08004e1f   Thumb Code   192  stm32f10x_rcc.o(.text)
    RCC_AHBPeriphClockCmd                    0x08004edf   Thumb Code    26  stm32f10x_rcc.o(.text)
    RCC_APB2PeriphClockCmd                   0x08004ef9   Thumb Code    26  stm32f10x_rcc.o(.text)
    RCC_APB1PeriphClockCmd                   0x08004f13   Thumb Code    26  stm32f10x_rcc.o(.text)
    RCC_APB2PeriphResetCmd                   0x08004f2d   Thumb Code    26  stm32f10x_rcc.o(.text)
    RCC_APB1PeriphResetCmd                   0x08004f47   Thumb Code    26  stm32f10x_rcc.o(.text)
    RCC_BackupResetCmd                       0x08004f61   Thumb Code     8  stm32f10x_rcc.o(.text)
    RCC_ClockSecuritySystemCmd               0x08004f69   Thumb Code     6  stm32f10x_rcc.o(.text)
    RCC_MCOConfig                            0x08004f6f   Thumb Code     6  stm32f10x_rcc.o(.text)
    RCC_ClearFlag                            0x08004f75   Thumb Code    14  stm32f10x_rcc.o(.text)
    RCC_GetITStatus                          0x08004f83   Thumb Code    20  stm32f10x_rcc.o(.text)
    RCC_ClearITPendingBit                    0x08004f97   Thumb Code     6  stm32f10x_rcc.o(.text)
    TIM_DeInit                               0x08004fc1   Thumb Code   424  stm32f10x_tim.o(.text)
    TIM_TimeBaseInit                         0x08005169   Thumb Code   122  stm32f10x_tim.o(.text)
    TIM_OC1Init                              0x080051e3   Thumb Code   132  stm32f10x_tim.o(.text)
    TIM_OC2Init                              0x08005267   Thumb Code   154  stm32f10x_tim.o(.text)
    TIM_OC3Init                              0x08005301   Thumb Code   150  stm32f10x_tim.o(.text)
    TIM_OC4Init                              0x08005397   Thumb Code   182  stm32f10x_tim.o(.text)
    TIM_SetIC4Prescaler                      0x0800544d   Thumb Code    26  stm32f10x_tim.o(.text)
    TIM_SetIC3Prescaler                      0x080054e9   Thumb Code    18  stm32f10x_tim.o(.text)
    TIM_SetIC2Prescaler                      0x08005575   Thumb Code    26  stm32f10x_tim.o(.text)
    TIM_SetIC1Prescaler                      0x08005611   Thumb Code    18  stm32f10x_tim.o(.text)
    TIM_ICInit                               0x0800568f   Thumb Code   150  stm32f10x_tim.o(.text)
    TIM_PWMIConfig                           0x08005725   Thumb Code   124  stm32f10x_tim.o(.text)
    TIM_BDTRConfig                           0x080057a1   Thumb Code    32  stm32f10x_tim.o(.text)
    TIM_TimeBaseStructInit                   0x080057c1   Thumb Code    18  stm32f10x_tim.o(.text)
    TIM_OCStructInit                         0x080057d3   Thumb Code    20  stm32f10x_tim.o(.text)
    TIM_ICStructInit                         0x080057e7   Thumb Code    18  stm32f10x_tim.o(.text)
    TIM_BDTRStructInit                       0x080057f9   Thumb Code    40  stm32f10x_tim.o(.text)
    TIM_Cmd                                  0x08005821   Thumb Code    24  stm32f10x_tim.o(.text)
    TIM_CtrlPWMOutputs                       0x08005839   Thumb Code    30  stm32f10x_tim.o(.text)
    TIM_ITConfig                             0x08005857   Thumb Code    18  stm32f10x_tim.o(.text)
    TIM_GenerateEvent                        0x08005869   Thumb Code     4  stm32f10x_tim.o(.text)
    TIM_DMAConfig                            0x0800586d   Thumb Code    10  stm32f10x_tim.o(.text)
    TIM_DMACmd                               0x08005877   Thumb Code    18  stm32f10x_tim.o(.text)
    TIM_InternalClockConfig                  0x08005889   Thumb Code    12  stm32f10x_tim.o(.text)
    TIM_SelectInputTrigger                   0x08005895   Thumb Code    18  stm32f10x_tim.o(.text)
    TIM_ITRxExternalClockConfig              0x080058a7   Thumb Code    24  stm32f10x_tim.o(.text)
    TIM_TIxExternalClockConfig               0x080058bf   Thumb Code    62  stm32f10x_tim.o(.text)
    TIM_ETRConfig                            0x080058fd   Thumb Code    28  stm32f10x_tim.o(.text)
    TIM_ETRClockMode1Config                  0x08005919   Thumb Code    54  stm32f10x_tim.o(.text)
    TIM_ETRClockMode2Config                  0x0800594f   Thumb Code    32  stm32f10x_tim.o(.text)
    TIM_PrescalerConfig                      0x0800596f   Thumb Code     6  stm32f10x_tim.o(.text)
    TIM_CounterModeConfig                    0x08005975   Thumb Code    18  stm32f10x_tim.o(.text)
    TIM_EncoderInterfaceConfig               0x08005987   Thumb Code    66  stm32f10x_tim.o(.text)
    TIM_ForcedOC1Config                      0x080059c9   Thumb Code    18  stm32f10x_tim.o(.text)
    TIM_ForcedOC2Config                      0x080059db   Thumb Code    26  stm32f10x_tim.o(.text)
    TIM_ForcedOC3Config                      0x080059f5   Thumb Code    18  stm32f10x_tim.o(.text)
    TIM_ForcedOC4Config                      0x08005a07   Thumb Code    26  stm32f10x_tim.o(.text)
    TIM_ARRPreloadConfig                     0x08005a21   Thumb Code    24  stm32f10x_tim.o(.text)
    TIM_SelectCOM                            0x08005a39   Thumb Code    24  stm32f10x_tim.o(.text)
    TIM_SelectCCDMA                          0x08005a51   Thumb Code    24  stm32f10x_tim.o(.text)
    TIM_CCPreloadControl                     0x08005a69   Thumb Code    24  stm32f10x_tim.o(.text)
    TIM_OC1PreloadConfig                     0x08005a81   Thumb Code    18  stm32f10x_tim.o(.text)
    TIM_OC2PreloadConfig                     0x08005a93   Thumb Code    26  stm32f10x_tim.o(.text)
    TIM_OC3PreloadConfig                     0x08005aad   Thumb Code    18  stm32f10x_tim.o(.text)
    TIM_OC4PreloadConfig                     0x08005abf   Thumb Code    26  stm32f10x_tim.o(.text)
    TIM_OC1FastConfig                        0x08005ad9   Thumb Code    18  stm32f10x_tim.o(.text)
    TIM_OC2FastConfig                        0x08005aeb   Thumb Code    26  stm32f10x_tim.o(.text)
    TIM_OC3FastConfig                        0x08005b05   Thumb Code    18  stm32f10x_tim.o(.text)
    TIM_OC4FastConfig                        0x08005b17   Thumb Code    26  stm32f10x_tim.o(.text)
    TIM_ClearOC1Ref                          0x08005b31   Thumb Code    18  stm32f10x_tim.o(.text)
    TIM_ClearOC2Ref                          0x08005b43   Thumb Code    24  stm32f10x_tim.o(.text)
    TIM_ClearOC3Ref                          0x08005b5b   Thumb Code    18  stm32f10x_tim.o(.text)
    TIM_ClearOC4Ref                          0x08005b6d   Thumb Code    24  stm32f10x_tim.o(.text)
    TIM_OC1PolarityConfig                    0x08005b85   Thumb Code    18  stm32f10x_tim.o(.text)
    TIM_OC1NPolarityConfig                   0x08005b97   Thumb Code    18  stm32f10x_tim.o(.text)
    TIM_OC2PolarityConfig                    0x08005ba9   Thumb Code    26  stm32f10x_tim.o(.text)
    TIM_OC2NPolarityConfig                   0x08005bc3   Thumb Code    26  stm32f10x_tim.o(.text)
    TIM_OC3PolarityConfig                    0x08005bdd   Thumb Code    26  stm32f10x_tim.o(.text)
    TIM_OC3NPolarityConfig                   0x08005bf7   Thumb Code    26  stm32f10x_tim.o(.text)
    TIM_OC4PolarityConfig                    0x08005c11   Thumb Code    26  stm32f10x_tim.o(.text)
    TIM_CCxCmd                               0x08005c2b   Thumb Code    30  stm32f10x_tim.o(.text)
    TIM_CCxNCmd                              0x08005c49   Thumb Code    30  stm32f10x_tim.o(.text)
    TIM_SelectOCxM                           0x08005c67   Thumb Code    82  stm32f10x_tim.o(.text)
    TIM_UpdateDisableConfig                  0x08005cb9   Thumb Code    24  stm32f10x_tim.o(.text)
    TIM_UpdateRequestConfig                  0x08005cd1   Thumb Code    24  stm32f10x_tim.o(.text)
    TIM_SelectHallSensor                     0x08005ce9   Thumb Code    24  stm32f10x_tim.o(.text)
    TIM_SelectOnePulseMode                   0x08005d01   Thumb Code    18  stm32f10x_tim.o(.text)
    TIM_SelectOutputTrigger                  0x08005d13   Thumb Code    18  stm32f10x_tim.o(.text)
    TIM_SelectSlaveMode                      0x08005d25   Thumb Code    18  stm32f10x_tim.o(.text)
    TIM_SelectMasterSlaveMode                0x08005d37   Thumb Code    18  stm32f10x_tim.o(.text)
    TIM_SetCounter                           0x08005d49   Thumb Code     4  stm32f10x_tim.o(.text)
    TIM_SetAutoreload                        0x08005d4d   Thumb Code     4  stm32f10x_tim.o(.text)
    TIM_SetCompare1                          0x08005d51   Thumb Code     4  stm32f10x_tim.o(.text)
    TIM_SetCompare2                          0x08005d55   Thumb Code     4  stm32f10x_tim.o(.text)
    TIM_SetCompare3                          0x08005d59   Thumb Code     4  stm32f10x_tim.o(.text)
    TIM_SetCompare4                          0x08005d5d   Thumb Code     6  stm32f10x_tim.o(.text)
    TIM_SetClockDivision                     0x08005d63   Thumb Code    18  stm32f10x_tim.o(.text)
    TIM_GetCapture1                          0x08005d75   Thumb Code     6  stm32f10x_tim.o(.text)
    TIM_GetCapture2                          0x08005d7b   Thumb Code     6  stm32f10x_tim.o(.text)
    TIM_GetCapture3                          0x08005d81   Thumb Code     6  stm32f10x_tim.o(.text)
    TIM_GetCapture4                          0x08005d87   Thumb Code     8  stm32f10x_tim.o(.text)
    TIM_GetCounter                           0x08005d8f   Thumb Code     6  stm32f10x_tim.o(.text)
    TIM_GetPrescaler                         0x08005d95   Thumb Code     6  stm32f10x_tim.o(.text)
    TIM_GetFlagStatus                        0x08005d9b   Thumb Code    18  stm32f10x_tim.o(.text)
    TIM_ClearFlag                            0x08005dad   Thumb Code     6  stm32f10x_tim.o(.text)
    TIM_GetITStatus                          0x08005db3   Thumb Code    34  stm32f10x_tim.o(.text)
    TIM_ClearITPendingBit                    0x08005dd5   Thumb Code     6  stm32f10x_tim.o(.text)
    USART_DeInit                             0x08005ddd   Thumb Code   134  stm32f10x_usart.o(.text)
    USART_Init                               0x08005e63   Thumb Code   210  stm32f10x_usart.o(.text)
    USART_StructInit                         0x08005f35   Thumb Code    24  stm32f10x_usart.o(.text)
    USART_ClockInit                          0x08005f4d   Thumb Code    34  stm32f10x_usart.o(.text)
    USART_ClockStructInit                    0x08005f6f   Thumb Code    12  stm32f10x_usart.o(.text)
    USART_Cmd                                0x08005f7b   Thumb Code    24  stm32f10x_usart.o(.text)
    USART_ITConfig                           0x08005f93   Thumb Code    74  stm32f10x_usart.o(.text)
    USART_DMACmd                             0x08005fdd   Thumb Code    18  stm32f10x_usart.o(.text)
    USART_SetAddress                         0x08005fef   Thumb Code    18  stm32f10x_usart.o(.text)
    USART_WakeUpConfig                       0x08006001   Thumb Code    18  stm32f10x_usart.o(.text)
    USART_ReceiverWakeUpCmd                  0x08006013   Thumb Code    24  stm32f10x_usart.o(.text)
    USART_LINBreakDetectLengthConfig         0x0800602b   Thumb Code    18  stm32f10x_usart.o(.text)
    USART_LINCmd                             0x0800603d   Thumb Code    24  stm32f10x_usart.o(.text)
    USART_SendData                           0x08006055   Thumb Code     8  stm32f10x_usart.o(.text)
    USART_ReceiveData                        0x0800605d   Thumb Code    10  stm32f10x_usart.o(.text)
    USART_SendBreak                          0x08006067   Thumb Code    10  stm32f10x_usart.o(.text)
    USART_SetGuardTime                       0x08006071   Thumb Code    16  stm32f10x_usart.o(.text)
    USART_SetPrescaler                       0x08006081   Thumb Code    16  stm32f10x_usart.o(.text)
    USART_SmartCardCmd                       0x08006091   Thumb Code    24  stm32f10x_usart.o(.text)
    USART_SmartCardNACKCmd                   0x080060a9   Thumb Code    24  stm32f10x_usart.o(.text)
    USART_HalfDuplexCmd                      0x080060c1   Thumb Code    24  stm32f10x_usart.o(.text)
    USART_OverSampling8Cmd                   0x080060d9   Thumb Code    22  stm32f10x_usart.o(.text)
    USART_OneBitMethodCmd                    0x080060ef   Thumb Code    24  stm32f10x_usart.o(.text)
    USART_IrDAConfig                         0x08006107   Thumb Code    18  stm32f10x_usart.o(.text)
    USART_IrDACmd                            0x08006119   Thumb Code    24  stm32f10x_usart.o(.text)
    USART_GetFlagStatus                      0x08006131   Thumb Code    26  stm32f10x_usart.o(.text)
    USART_ClearFlag                          0x0800614b   Thumb Code    18  stm32f10x_usart.o(.text)
    USART_GetITStatus                        0x0800615d   Thumb Code    84  stm32f10x_usart.o(.text)
    USART_ClearITPendingBit                  0x080061b1   Thumb Code    52  stm32f10x_usart.o(.text)
    Reset_Handler                            0x080061e5   Thumb Code     8  startup_stm32f10x_hd.o(.text)
    ADC1_2_IRQHandler                        0x080061ff   Thumb Code     0  startup_stm32f10x_hd.o(.text)
    ADC3_IRQHandler                          0x080061ff   Thumb Code     0  startup_stm32f10x_hd.o(.text)
    CAN1_RX1_IRQHandler                      0x080061ff   Thumb Code     0  startup_stm32f10x_hd.o(.text)
    CAN1_SCE_IRQHandler                      0x080061ff   Thumb Code     0  startup_stm32f10x_hd.o(.text)
    DMA1_Channel1_IRQHandler                 0x080061ff   Thumb Code     0  startup_stm32f10x_hd.o(.text)
    DMA1_Channel2_IRQHandler                 0x080061ff   Thumb Code     0  startup_stm32f10x_hd.o(.text)
    DMA1_Channel3_IRQHandler                 0x080061ff   Thumb Code     0  startup_stm32f10x_hd.o(.text)
    DMA1_Channel4_IRQHandler                 0x080061ff   Thumb Code     0  startup_stm32f10x_hd.o(.text)
    DMA1_Channel5_IRQHandler                 0x080061ff   Thumb Code     0  startup_stm32f10x_hd.o(.text)
    DMA1_Channel6_IRQHandler                 0x080061ff   Thumb Code     0  startup_stm32f10x_hd.o(.text)
    DMA1_Channel7_IRQHandler                 0x080061ff   Thumb Code     0  startup_stm32f10x_hd.o(.text)
    DMA2_Channel1_IRQHandler                 0x080061ff   Thumb Code     0  startup_stm32f10x_hd.o(.text)
    DMA2_Channel2_IRQHandler                 0x080061ff   Thumb Code     0  startup_stm32f10x_hd.o(.text)
    DMA2_Channel3_IRQHandler                 0x080061ff   Thumb Code     0  startup_stm32f10x_hd.o(.text)
    DMA2_Channel4_5_IRQHandler               0x080061ff   Thumb Code     0  startup_stm32f10x_hd.o(.text)
    EXTI0_IRQHandler                         0x080061ff   Thumb Code     0  startup_stm32f10x_hd.o(.text)
    EXTI15_10_IRQHandler                     0x080061ff   Thumb Code     0  startup_stm32f10x_hd.o(.text)
    EXTI1_IRQHandler                         0x080061ff   Thumb Code     0  startup_stm32f10x_hd.o(.text)
    EXTI2_IRQHandler                         0x080061ff   Thumb Code     0  startup_stm32f10x_hd.o(.text)
    EXTI3_IRQHandler                         0x080061ff   Thumb Code     0  startup_stm32f10x_hd.o(.text)
    EXTI4_IRQHandler                         0x080061ff   Thumb Code     0  startup_stm32f10x_hd.o(.text)
    EXTI9_5_IRQHandler                       0x080061ff   Thumb Code     0  startup_stm32f10x_hd.o(.text)
    FLASH_IRQHandler                         0x080061ff   Thumb Code     0  startup_stm32f10x_hd.o(.text)
    FSMC_IRQHandler                          0x080061ff   Thumb Code     0  startup_stm32f10x_hd.o(.text)
    I2C1_ER_IRQHandler                       0x080061ff   Thumb Code     0  startup_stm32f10x_hd.o(.text)
    I2C1_EV_IRQHandler                       0x080061ff   Thumb Code     0  startup_stm32f10x_hd.o(.text)
    I2C2_ER_IRQHandler                       0x080061ff   Thumb Code     0  startup_stm32f10x_hd.o(.text)
    I2C2_EV_IRQHandler                       0x080061ff   Thumb Code     0  startup_stm32f10x_hd.o(.text)
    PVD_IRQHandler                           0x080061ff   Thumb Code     0  startup_stm32f10x_hd.o(.text)
    RCC_IRQHandler                           0x080061ff   Thumb Code     0  startup_stm32f10x_hd.o(.text)
    RTCAlarm_IRQHandler                      0x080061ff   Thumb Code     0  startup_stm32f10x_hd.o(.text)
    RTC_IRQHandler                           0x080061ff   Thumb Code     0  startup_stm32f10x_hd.o(.text)
    SDIO_IRQHandler                          0x080061ff   Thumb Code     0  startup_stm32f10x_hd.o(.text)
    SPI1_IRQHandler                          0x080061ff   Thumb Code     0  startup_stm32f10x_hd.o(.text)
    SPI2_IRQHandler                          0x080061ff   Thumb Code     0  startup_stm32f10x_hd.o(.text)
    SPI3_IRQHandler                          0x080061ff   Thumb Code     0  startup_stm32f10x_hd.o(.text)
    TAMPER_IRQHandler                        0x080061ff   Thumb Code     0  startup_stm32f10x_hd.o(.text)
    TIM1_BRK_IRQHandler                      0x080061ff   Thumb Code     0  startup_stm32f10x_hd.o(.text)
    TIM1_CC_IRQHandler                       0x080061ff   Thumb Code     0  startup_stm32f10x_hd.o(.text)
    TIM1_TRG_COM_IRQHandler                  0x080061ff   Thumb Code     0  startup_stm32f10x_hd.o(.text)
    TIM1_UP_IRQHandler                       0x080061ff   Thumb Code     0  startup_stm32f10x_hd.o(.text)
    TIM2_IRQHandler                          0x080061ff   Thumb Code     0  startup_stm32f10x_hd.o(.text)
    TIM4_IRQHandler                          0x080061ff   Thumb Code     0  startup_stm32f10x_hd.o(.text)
    TIM5_IRQHandler                          0x080061ff   Thumb Code     0  startup_stm32f10x_hd.o(.text)
    TIM6_IRQHandler                          0x080061ff   Thumb Code     0  startup_stm32f10x_hd.o(.text)
    TIM7_IRQHandler                          0x080061ff   Thumb Code     0  startup_stm32f10x_hd.o(.text)
    TIM8_BRK_IRQHandler                      0x080061ff   Thumb Code     0  startup_stm32f10x_hd.o(.text)
    TIM8_CC_IRQHandler                       0x080061ff   Thumb Code     0  startup_stm32f10x_hd.o(.text)
    TIM8_TRG_COM_IRQHandler                  0x080061ff   Thumb Code     0  startup_stm32f10x_hd.o(.text)
    TIM8_UP_IRQHandler                       0x080061ff   Thumb Code     0  startup_stm32f10x_hd.o(.text)
    UART4_IRQHandler                         0x080061ff   Thumb Code     0  startup_stm32f10x_hd.o(.text)
    UART5_IRQHandler                         0x080061ff   Thumb Code     0  startup_stm32f10x_hd.o(.text)
    USBWakeUp_IRQHandler                     0x080061ff   Thumb Code     0  startup_stm32f10x_hd.o(.text)
    USB_HP_CAN1_TX_IRQHandler                0x080061ff   Thumb Code     0  startup_stm32f10x_hd.o(.text)
    USB_LP_CAN1_RX0_IRQHandler               0x080061ff   Thumb Code     0  startup_stm32f10x_hd.o(.text)
    WWDG_IRQHandler                          0x080061ff   Thumb Code     0  startup_stm32f10x_hd.o(.text)
    toupper                                  0x08006209   Thumb Code    12  toupper.o(.text)
    __aeabi_memcpy                           0x08006215   Thumb Code    36  memcpya.o(.text)
    __aeabi_memcpy4                          0x08006215   Thumb Code     0  memcpya.o(.text)
    __aeabi_memcpy8                          0x08006215   Thumb Code     0  memcpya.o(.text)
    __aeabi_memset                           0x08006239   Thumb Code    14  memseta.o(.text)
    __aeabi_memset4                          0x08006239   Thumb Code     0  memseta.o(.text)
    __aeabi_memset8                          0x08006239   Thumb Code     0  memseta.o(.text)
    __aeabi_memclr                           0x08006247   Thumb Code     4  memseta.o(.text)
    __aeabi_memclr4                          0x08006247   Thumb Code     0  memseta.o(.text)
    __aeabi_memclr8                          0x08006247   Thumb Code     0  memseta.o(.text)
    _memset$wrapper                          0x0800624b   Thumb Code    18  memseta.o(.text)
    strlen                                   0x0800625d   Thumb Code    14  strlen.o(.text)
    __aeabi_fadd                             0x0800626b   Thumb Code   164  fadd.o(.text)
    __aeabi_fsub                             0x0800630f   Thumb Code     6  fadd.o(.text)
    __aeabi_frsub                            0x08006315   Thumb Code     6  fadd.o(.text)
    __aeabi_fmul                             0x0800631b   Thumb Code   100  fmul.o(.text)
    __aeabi_fdiv                             0x0800637f   Thumb Code   124  fdiv.o(.text)
    __aeabi_ui2f                             0x080063fb   Thumb Code    10  ffltui.o(.text)
    __aeabi_f2uiz                            0x08006405   Thumb Code    40  ffixui.o(.text)
    __aeabi_uldivmod                         0x0800642d   Thumb Code    98  uldiv.o(.text)
    __I$use$fp                               0x0800648f   Thumb Code     0  iusefp.o(.text)
    _float_round                             0x0800648f   Thumb Code    18  fepilogue.o(.text)
    _float_epilogue                          0x080064a1   Thumb Code    92  fepilogue.o(.text)
    __scatterload                            0x080064fd   Thumb Code    28  init.o(.text)
    __scatterload_rt2                        0x080064fd   Thumb Code     0  init.o(.text)
    __aeabi_llsl                             0x08006521   Thumb Code    30  llshl.o(.text)
    _ll_shift_l                              0x08006521   Thumb Code     0  llshl.o(.text)
    __aeabi_llsr                             0x0800653f   Thumb Code    32  llushr.o(.text)
    _ll_ushift_r                             0x0800653f   Thumb Code     0  llushr.o(.text)
    __decompress                             0x0800655f   Thumb Code     0  __dclz77c.o(.text)
    __decompress2                            0x0800655f   Thumb Code    94  __dclz77c.o(.text)
    __0printf$8                              0x080065bd   Thumb Code    22  printf8.o(i.__0printf$8)
    __1printf$8                              0x080065bd   Thumb Code     0  printf8.o(i.__0printf$8)
    __2printf                                0x080065bd   Thumb Code     0  printf8.o(i.__0printf$8)
    __scatterload_copy                       0x080065dd   Thumb Code    14  handlers.o(i.__scatterload_copy)
    __scatterload_null                       0x080065eb   Thumb Code     2  handlers.o(i.__scatterload_null)
    __scatterload_zeroinit                   0x080065ed   Thumb Code    14  handlers.o(i.__scatterload_zeroinit)
    BMP1                                     0x08006a5e   Data         256  main.o(.constdata)
    BMP2                                     0x08006b5e   Data         384  main.o(.constdata)
    BMP3                                     0x08006cde   Data          96  main.o(.constdata)
    F6x8                                     0x08006d40   Data         552  oled.o(.constdata)
    F8X16                                    0x08006f68   Data        1520  oled.o(.constdata)
    able32_32                                0x08007558   Data        5376  oled.o(.constdata)
    Region$$Table$$Base                      0x08008a88   Number         0  anon$$obj.o(Region$$Table)
    Region$$Table$$Limit                     0x08008aa8   Number         0  anon$$obj.o(Region$$Table)
    wifi_sta                                 0x20000000   Data           1  main.o(.data)
    OledDisplayTimeFlag                      0x20000001   Data           1  main.o(.data)
    OledDisplayParamFlag                     0x20000002   Data           1  main.o(.data)
    Task500MsEventFlag                       0x20000003   Data           1  main.o(.data)
    SystemCoreClock                          0x20000004   Data           4  system_stm32f10x.o(.data)
    AHBPrescTable                            0x20000008   Data          16  system_stm32f10x.o(.data)
    num_500ms                                0x20000018   Data           4  timer.o(.data)
    delay_10ms                               0x2000001c   Data           1  timer.o(.data)
    display_status                           0x2000001d   Data           1  timer.o(.data)
    Water_Temp_status                        0x2000001e   Data           1  timer.o(.data)
    ADC_Val                                  0x20000020   Data           6  adc.o(.data)
    previous_key1                            0x20000026   Data           1  key.o(.data)
    key1_flag                                0x20000027   Data           1  key.o(.data)
    previous_key2                            0x20000028   Data           1  key.o(.data)
    key2_flag                                0x20000029   Data           1  key.o(.data)
    previous_key4                            0x2000002a   Data           1  key.o(.data)
    key4_flag                                0x2000002b   Data           1  key.o(.data)
    Hzk                                      0x2000002c   Data        2240  oled.o(.data)
    __stdout                                 0x20000908   Data           4  usart.o(.data)
    USART_RX_STA                             0x2000090c   Data           2  usart.o(.data)
    currentDataPoint                         0x20000924   Data          17  main.o(.bss)
    FlagStateFunc                            0x20000938   Data         160  timer_callback_func.o(.bss)
    OLED_GRAM                                0x200009d8   Data        1024  oled.o(.bss)
    gizwitsProtocol                          0x20000dd8   Data         289  gizwits_protocol.o(.bss)
    pRb                                      0x20000ef9   Data          16  gizwits_protocol.o(.bss)
    USART_RX_BUF                             0x20000f3d   Data         200  usart.o(.bss)
    __initial_sp                             0x20001408   Data           0  startup_stm32f10x_hd.o(STACK)



==============================================================================

Memory Map of the image

  Image Entry point : 0x08000131

  Load Region LR_IROM1 (Base: 0x08000000, Size: 0x000093cc, Max: 0x00010000, ABSOLUTE, COMPRESSED[0x00008e24])

    Execution Region ER_IROM1 (Exec base: 0x08000000, Load base: 0x08000000, Size: 0x00008aa8, Max: 0x00010000, ABSOLUTE)

    Exec Addr    Load Addr    Size         Type   Attr      Idx    E Section Name        Object

    0x08000000   0x08000000   0x00000130   Data   RO          595    RESET               startup_stm32f10x_hd.o
    0x08000130   0x08000130   0x00000000   Code   RO          600  * .ARM.Collect$$$$00000000  mc_w.l(entry.o)
    0x08000130   0x08000130   0x00000004   Code   RO          884    .ARM.Collect$$$$00000001  mc_w.l(entry2.o)
    0x08000134   0x08000134   0x00000004   Code   RO          887    .ARM.Collect$$$$00000004  mc_w.l(entry5.o)
    0x08000138   0x08000138   0x00000000   Code   RO          889    .ARM.Collect$$$$00000008  mc_w.l(entry7b.o)
    0x08000138   0x08000138   0x00000000   Code   RO          891    .ARM.Collect$$$$0000000A  mc_w.l(entry8b.o)
    0x08000138   0x08000138   0x00000008   Code   RO          892    .ARM.Collect$$$$0000000B  mc_w.l(entry9a.o)
    0x08000140   0x08000140   0x00000000   Code   RO          894    .ARM.Collect$$$$0000000D  mc_w.l(entry10a.o)
    0x08000140   0x08000140   0x00000000   Code   RO          896    .ARM.Collect$$$$0000000F  mc_w.l(entry11a.o)
    0x08000140   0x08000140   0x00000004   Code   RO          885    .ARM.Collect$$$$00002712  mc_w.l(entry2.o)
    0x08000144   0x08000144   0x000005d0   Code   RO            1    .text               main.o
    0x08000714   0x08000714   0x0000001a   Code   RO          145    .text               stm32f10x_it.o
    0x0800072e   0x0800072e   0x00000002   PAD
    0x08000730   0x08000730   0x000001e0   Code   RO          177    .text               system_stm32f10x.o
    0x08000910   0x08000910   0x00000074   Code   RO          195    .text               led.o
    0x08000984   0x08000984   0x00000118   Code   RO          214    .text               timer.o
    0x08000a9c   0x08000a9c   0x00000178   Code   RO          229    .text               adc.o
    0x08000c14   0x08000c14   0x00000114   Code   RO          247    .text               timer_callback_func.o
    0x08000d28   0x08000d28   0x0000014c   Code   RO          262    .text               key.o
    0x08000e74   0x08000e74   0x000000d0   Code   RO          277    .text               usart3.o
    0x08000f44   0x08000f44   0x000008b4   Code   RO          289    .text               oled.o
    0x080017f8   0x080017f8   0x000001a0   Code   RO          309    .text               dht11.o
    0x08001998   0x08001998   0x0000025c   Code   RO          321    .text               gizwits_product.o
    0x08001bf4   0x08001bf4   0x00001a68   Code   RO          340    .text               gizwits_protocol.o
    0x0800365c   0x0800365c   0x00000398   Code   RO          362    .text               common.o
    0x080039f4   0x080039f4   0x0000034c   Code   RO          375    .text               datapointtools.o
    0x08003d40   0x08003d40   0x000001ce   Code   RO          387    .text               ringbuffer.o
    0x08003f0e   0x08003f0e   0x00000002   PAD
    0x08003f10   0x08003f10   0x000000d4   Code   RO          399    .text               delay.o
    0x08003fe4   0x08003fe4   0x0000015c   Code   RO          425    .text               usart.o
    0x08004140   0x08004140   0x000000dc   Code   RO          448    .text               misc.o
    0x0800421c   0x0800421c   0x0000044e   Code   RO          460    .text               stm32f10x_adc.o
    0x0800466a   0x0800466a   0x00000002   PAD
    0x0800466c   0x0800466c   0x00000254   Code   RO          472    .text               stm32f10x_dma.o
    0x080048c0   0x080048c0   0x0000035c   Code   RO          508    .text               stm32f10x_gpio.o
    0x08004c1c   0x08004c1c   0x000003a4   Code   RO          520    .text               stm32f10x_rcc.o
    0x08004fc0   0x08004fc0   0x00000e1a   Code   RO          558    .text               stm32f10x_tim.o
    0x08005dda   0x08005dda   0x00000002   PAD
    0x08005ddc   0x08005ddc   0x00000408   Code   RO          570    .text               stm32f10x_usart.o
    0x080061e4   0x080061e4   0x00000024   Code   RO          596    .text               startup_stm32f10x_hd.o
    0x08006208   0x08006208   0x0000000c   Code   RO          603    .text               mc_w.l(toupper.o)
    0x08006214   0x08006214   0x00000024   Code   RO          605    .text               mc_w.l(memcpya.o)
    0x08006238   0x08006238   0x00000024   Code   RO          607    .text               mc_w.l(memseta.o)
    0x0800625c   0x0800625c   0x0000000e   Code   RO          609    .text               mc_w.l(strlen.o)
    0x0800626a   0x0800626a   0x000000b0   Code   RO          874    .text               mf_w.l(fadd.o)
    0x0800631a   0x0800631a   0x00000064   Code   RO          876    .text               mf_w.l(fmul.o)
    0x0800637e   0x0800637e   0x0000007c   Code   RO          878    .text               mf_w.l(fdiv.o)
    0x080063fa   0x080063fa   0x0000000a   Code   RO          880    .text               mf_w.l(ffltui.o)
    0x08006404   0x08006404   0x00000028   Code   RO          882    .text               mf_w.l(ffixui.o)
    0x0800642c   0x0800642c   0x00000062   Code   RO          900    .text               mc_w.l(uldiv.o)
    0x0800648e   0x0800648e   0x00000000   Code   RO          902    .text               mc_w.l(iusefp.o)
    0x0800648e   0x0800648e   0x0000006e   Code   RO          903    .text               mf_w.l(fepilogue.o)
    0x080064fc   0x080064fc   0x00000024   Code   RO          915    .text               mc_w.l(init.o)
    0x08006520   0x08006520   0x0000001e   Code   RO          917    .text               mc_w.l(llshl.o)
    0x0800653e   0x0800653e   0x00000020   Code   RO          919    .text               mc_w.l(llushr.o)
    0x0800655e   0x0800655e   0x0000005e   Code   RO          933    .text               mc_w.l(__dclz77c.o)
    0x080065bc   0x080065bc   0x00000020   Code   RO          820    i.__0printf$8       mc_w.l(printf8.o)
    0x080065dc   0x080065dc   0x0000000e   Code   RO          927    i.__scatterload_copy  mc_w.l(handlers.o)
    0x080065ea   0x080065ea   0x00000002   Code   RO          928    i.__scatterload_null  mc_w.l(handlers.o)
    0x080065ec   0x080065ec   0x0000000e   Code   RO          929    i.__scatterload_zeroinit  mc_w.l(handlers.o)
    0x080065fa   0x080065fa   0x00000002   PAD
    0x080065fc   0x080065fc   0x00000410   Code   RO          827    i._printf_core      mc_w.l(printf8.o)
    0x08006a0c   0x08006a0c   0x00000024   Code   RO          828    i._printf_post_padding  mc_w.l(printf8.o)
    0x08006a30   0x08006a30   0x0000002e   Code   RO          829    i._printf_pre_padding  mc_w.l(printf8.o)
    0x08006a5e   0x08006a5e   0x000002e0   Data   RO            3    .constdata          main.o
    0x08006d3e   0x08006d3e   0x00000002   PAD
    0x08006d40   0x08006d40   0x00001d18   Data   RO          291    .constdata          oled.o
    0x08008a58   0x08008a58   0x00000030   Data   RO          363    .constdata          common.o
    0x08008a88   0x08008a88   0x00000020   Data   RO          925    Region$$Table       anon$$obj.o


    Execution Region RW_IRAM1 (Exec base: 0x20000000, Load base: 0x08008aa8, Size: 0x00001408, Max: 0x00005000, ABSOLUTE, COMPRESSED[0x0000037c])

    Exec Addr    Load Addr    Size         Type   Attr      Idx    E Section Name        Object

    0x20000000   COMPRESSED   0x00000004   Data   RW            4    .data               main.o
    0x20000004   COMPRESSED   0x00000014   Data   RW          178    .data               system_stm32f10x.o
    0x20000018   COMPRESSED   0x00000007   Data   RW          215    .data               timer.o
    0x2000001f   COMPRESSED   0x00000001   PAD
    0x20000020   COMPRESSED   0x00000006   Data   RW          230    .data               adc.o
    0x20000026   COMPRESSED   0x00000006   Data   RW          263    .data               key.o
    0x2000002c   COMPRESSED   0x000008c1   Data   RW          292    .data               oled.o
    0x200008ed   COMPRESSED   0x00000003   PAD
    0x200008f0   COMPRESSED   0x00000004   Data   RW          322    .data               gizwits_product.o
    0x200008f4   COMPRESSED   0x00000010   Data   RW          342    .data               gizwits_protocol.o
    0x20000904   COMPRESSED   0x00000004   Data   RW          400    .data               delay.o
    0x20000908   COMPRESSED   0x00000006   Data   RW          427    .data               usart.o
    0x2000090e   COMPRESSED   0x00000014   Data   RW          521    .data               stm32f10x_rcc.o
    0x20000922   COMPRESSED   0x00000002   PAD
    0x20000924        -       0x00000011   Zero   RW            2    .bss                main.o
    0x20000935   COMPRESSED   0x00000003   PAD
    0x20000938        -       0x000000a0   Zero   RW          248    .bss                timer_callback_func.o
    0x200009d8        -       0x00000400   Zero   RW          290    .bss                oled.o
    0x20000dd8        -       0x00000165   Zero   RW          341    .bss                gizwits_protocol.o
    0x20000f3d        -       0x000000c8   Zero   RW          426    .bss                usart.o
    0x20001005   COMPRESSED   0x00000003   PAD
    0x20001008        -       0x00000400   Zero   RW          593    STACK               startup_stm32f10x_hd.o


==============================================================================

Image component sizes


      Code (inc. data)   RO Data    RW Data    ZI Data      Debug   Object Name

       376         18          0          6          0       1809   adc.o
       920          8         48          0          0       4221   common.o
         0          0          0          0          0         32   core_cm3.o
       844          0          0          0          0       5342   datapointtools.o
       212         18          0          4          0        983   delay.o
       416         12          0          0          0       2086   dht11.o
       604        208          0          4          0      18023   gizwits_product.o
      6760       1968          0         16        357      11750   gizwits_protocol.o
       332         38          0          6          0       2154   key.o
       116          8          0          0          0       1574   led.o
      1488         88        736          4         17     281731   main.o
       220         22          0          0          0       1745   misc.o
      2228         32       7448       2241       1024       9153   oled.o
       462          0          0          0          0       2595   ringbuffer.o
        36          8        304          0       1024        768   startup_stm32f10x_hd.o
      1102         26          0          0          0      10989   stm32f10x_adc.o
       596          8          0          0          0       4310   stm32f10x_dma.o
       860         38          0          0          0       5681   stm32f10x_gpio.o
        26          0          0          0          0       1154   stm32f10x_it.o
       932         36          0         20          0       8836   stm32f10x_rcc.o
      3610         88          0          0          0      22788   stm32f10x_tim.o
      1032         22          0          0          0       8404   stm32f10x_usart.o
       480         38          0         20          0       1659   system_stm32f10x.o
       280         28          0          7          0       1252   timer.o
       276          4          0          0        160       2048   timer_callback_func.o
       348         18          0          6        200       3247   usart.o
       208          8          0          0          0        848   usart3.o

    ----------------------------------------------------------------------
     24772       2742       8570       2340       2788     415182   Object Totals
         0          0         32          0          0          0   (incl. Generated)
         8          0          2          6          6          0   (incl. Padding)

    ----------------------------------------------------------------------

      Code (inc. data)   RO Data    RW Data    ZI Data      Debug   Library Member Name

        94          0          0          0          0          0   __dclz77c.o
         0          0          0          0          0          0   entry.o
         0          0          0          0          0          0   entry10a.o
         0          0          0          0          0          0   entry11a.o
         8          4          0          0          0          0   entry2.o
         4          0          0          0          0          0   entry5.o
         0          0          0          0          0          0   entry7b.o
         0          0          0          0          0          0   entry8b.o
         8          4          0          0          0          0   entry9a.o
        30          0          0          0          0          0   handlers.o
        36          8          0          0          0         68   init.o
         0          0          0          0          0          0   iusefp.o
        30          0          0          0          0         68   llshl.o
        32          0          0          0          0         68   llushr.o
        36          0          0          0          0         68   memcpya.o
        36          0          0          0          0        108   memseta.o
      1154         54          0          0          0        352   printf8.o
        14          0          0          0          0         68   strlen.o
        12          0          0          0          0         68   toupper.o
        98          0          0          0          0         92   uldiv.o
       176          0          0          0          0        140   fadd.o
       124          0          0          0          0         88   fdiv.o
       110          0          0          0          0        168   fepilogue.o
        40          0          0          0          0         68   ffixui.o
        10          0          0          0          0         68   ffltui.o
       100          0          0          0          0         76   fmul.o

    ----------------------------------------------------------------------
      2154         70          0          0          0       1568   Library Totals
         2          0          0          0          0          0   (incl. Padding)

    ----------------------------------------------------------------------

      Code (inc. data)   RO Data    RW Data    ZI Data      Debug   Library Name

      1592         70          0          0          0        960   mc_w.l
       560          0          0          0          0        608   mf_w.l

    ----------------------------------------------------------------------
      2154         70          0          0          0       1568   Library Totals

    ----------------------------------------------------------------------

==============================================================================


      Code (inc. data)   RO Data    RW Data    ZI Data      Debug   

     26926       2812       8570       2340       2788     413914   Grand Totals
     26926       2812       8570        892       2788     413914   ELF Image Totals (compressed)
     26926       2812       8570        892          0          0   ROM Totals

==============================================================================

    Total RO  Size (Code + RO Data)                35496 (  34.66kB)
    Total RW  Size (RW Data + ZI Data)              5128 (   5.01kB)
    Total ROM Size (Code + RO Data + RW Data)      36388 (  35.54kB)

==============================================================================

